#
# There is insufficient memory for the Java Runtime Environment to continue.
# Native memory allocation (malloc) failed to allocate 2027712 bytes. Error detail: Chunk::new
# Possible reasons:
#   The system is out of physical RAM or swap space
#   This process is running with CompressedOops enabled, and the Java Heap may be blocking the growth of the native heap
# Possible solutions:
#   Reduce memory load on the system
#   Increase physical memory or swap space
#   Check if swap backing store is full
#   Decrease Java heap size (-Xmx/-Xms)
#   Decrease number of Java threads
#   Decrease Java thread stack sizes (-Xss)
#   Set larger code cache with -XX:ReservedCodeCacheSize=
#   JVM is running with Unscaled Compressed Oops mode in which the Java heap is
#     placed in the first 4GB address space. The Java Heap base address is the
#     maximum limit for the native heap growth. Please use -XX:HeapBaseMinAddress
#     to set the Java Heap base and to place the Java Heap above 4GB virtual address.
# This output file may be truncated or incomplete.
#
#  Out of Memory Error (arena.cpp:168), pid=14220, tid=9912
#
# JRE version: OpenJDK Runtime Environment (21.0.9) (build 21.0.9+-14787801-b1163.94)
# Java VM: OpenJDK 64-Bit Server VM (21.0.9+-14787801-b1163.94, mixed mode, tiered, compressed oops, compressed class ptrs, g1 gc, windows-amd64)
# No core dump will be written. Minidumps are not enabled by default on client versions of Windows
#

---------------  S U M M A R Y ------------

Command Line: --add-opens=java.base/java.lang=ALL-UNNAMED --add-opens=java.base/java.lang.invoke=ALL-UNNAMED --add-opens=java.base/java.util=ALL-UNNAMED --add-opens=java.prefs/java.util.prefs=ALL-UNNAMED --add-exports=jdk.compiler/com.sun.tools.javac.api=ALL-UNNAMED --add-exports=jdk.compiler/com.sun.tools.javac.util=ALL-UNNAMED --add-opens=java.base/java.util=ALL-UNNAMED --add-opens=java.prefs/java.util.prefs=ALL-UNNAMED --add-opens=java.base/java.nio.charset=ALL-UNNAMED --add-opens=java.base/java.net=ALL-UNNAMED --add-opens=java.base/java.util.concurrent.atomic=ALL-UNNAMED --add-opens=java.xml/javax.xml.namespace=ALL-UNNAMED -Xmx2048m -Dfile.encoding=UTF-8 -Duser.country=RU -Duser.language=ru -Duser.variant -javaagent:C:\Users\User\.gradle\wrapper\dists\gradle-8.13-bin\5xuhj0ry160q40clulazy9h7d\gradle-8.13\lib\agents\gradle-instrumentation-agent-8.13.jar org.gradle.launcher.daemon.bootstrap.GradleDaemon 8.13

Host: 13th Gen Intel(R) Core(TM) i5-1335U, 12 cores, 11G,  Windows 11 , 64 bit Build 26100 (10.0.26100.7920)
Time: Sat Mar 28 17:15:08 2026 elapsed time: 7.104150 seconds (0d 0h 0m 7s)

---------------  T H R E A D  ---------------

Current thread (0x0000026cfb28a080):  JavaThread "C2 CompilerThread0" daemon [_thread_in_native, id=9912, stack(0x0000009cf8500000,0x0000009cf8600000) (1024K)]


Current CompileTask:
C2:7104 6577   !   4       java.net.URLClassLoader$1::run (81 bytes)

Stack: [0x0000009cf8500000,0x0000009cf8600000]
Native frames: (J=compiled Java code, j=interpreted, Vv=VM code, C=native code)
V  [jvm.dll+0x6d6c99]
V  [jvm.dll+0x866b83]
V  [jvm.dll+0x8691ae]
V  [jvm.dll+0x869893]
V  [jvm.dll+0x280776]
V  [jvm.dll+0xc07cd]
V  [jvm.dll+0xc0d03]
V  [jvm.dll+0x3b986b]
V  [jvm.dll+0x3856a7]
V  [jvm.dll+0x384b1a]
V  [jvm.dll+0x249462]
V  [jvm.dll+0x248a31]
V  [jvm.dll+0x1c7344]
V  [jvm.dll+0x2581ae]
V  [jvm.dll+0x2566f6]
V  [jvm.dll+0x3f48a6]
V  [jvm.dll+0x80f118]
V  [jvm.dll+0x6d54ed]
C  [ucrtbase.dll+0x37b0]
C  [KERNEL32.DLL+0x2e8d7]
C  [ntdll.dll+0x8c48c]


---------------  P R O C E S S  ---------------

Threads class SMR info:
_java_thread_list=0x0000026c94739620, length=71, elements={
0x0000026cf24dd0a0, 0x0000026cfb237e40, 0x0000026cfb23b140, 0x0000026cfb263200,
0x0000026cfb267ef0, 0x0000026cfb268950, 0x0000026cfb24f2a0, 0x0000026cfb24fd00,
0x0000026cfb28a080, 0x0000026cfb28af30, 0x0000026c930144b0, 0x0000026c9303da50,
0x0000026c93cd7e90, 0x0000026c93cd8bb0, 0x0000026c93cd8520, 0x0000026c9463f010,
0x0000026c9463dc60, 0x0000026c9463f6a0, 0x0000026c9463c220, 0x0000026c9463fd30,
0x0000026c9463c8b0, 0x0000026c9463cf40, 0x0000026c946403c0, 0x0000026c94640a50,
0x0000026c9463e2f0, 0x0000026c94642b20, 0x0000026c94641e00, 0x0000026c946410e0,
0x0000026c946431b0, 0x0000026c94642490, 0x0000026c94643840, 0x0000026c93cd7800,
0x0000026c98445400, 0x0000026c984439c0, 0x0000026c98444050, 0x0000026c984446e0,
0x0000026c98441f80, 0x0000026c98444d70, 0x0000026c98445a90, 0x0000026c98442610,
0x0000026c98443330, 0x0000026c984474d0, 0x0000026c98446120, 0x0000026c98447b60,
0x0000026c984467b0, 0x0000026c98448f10, 0x0000026c984495a0, 0x0000026c984481f0,
0x0000026c98448880, 0x0000026c98446e40, 0x0000026c98e8d540, 0x0000026c98e8f610,
0x0000026c98e8dbd0, 0x0000026c98e8e260, 0x0000026c98e909c0, 0x0000026c98e8fca0,
0x0000026c98e8ef80, 0x0000026c98e90330, 0x0000026c95290df0, 0x0000026c95291480,
0x0000026c9528ed20, 0x0000026c9528e690, 0x0000026c9528e000, 0x0000026c9528f3b0,
0x0000026c952900d0, 0x0000026c95291b10, 0x0000026c952921a0, 0x0000026c95292830,
0x0000026c95292ec0, 0x0000026c9528fa40, 0x0000026c95293550
}

Java Threads: ( => current thread )
  0x0000026cf24dd0a0 JavaThread "main"                              [_thread_blocked, id=21132, stack(0x0000009cf7600000,0x0000009cf7700000) (1024K)]
  0x0000026cfb237e40 JavaThread "Common-Cleaner"             daemon [_thread_blocked, id=12332, stack(0x0000009cf7e00000,0x0000009cf7f00000) (1024K)]
  0x0000026cfb23b140 JavaThread "Reference Handler"          daemon [_thread_blocked, id=12304, stack(0x0000009cf7f00000,0x0000009cf8000000) (1024K)]
  0x0000026cfb263200 JavaThread "Finalizer"                  daemon [_thread_blocked, id=16496, stack(0x0000009cf8000000,0x0000009cf8100000) (1024K)]
  0x0000026cfb267ef0 JavaThread "Signal Dispatcher"          daemon [_thread_blocked, id=21916, stack(0x0000009cf8100000,0x0000009cf8200000) (1024K)]
  0x0000026cfb268950 JavaThread "Attach Listener"            daemon [_thread_blocked, id=20252, stack(0x0000009cf8200000,0x0000009cf8300000) (1024K)]
  0x0000026cfb24f2a0 JavaThread "Service Thread"             daemon [_thread_blocked, id=14552, stack(0x0000009cf8300000,0x0000009cf8400000) (1024K)]
  0x0000026cfb24fd00 JavaThread "Monitor Deflation Thread"   daemon [_thread_blocked, id=3116, stack(0x0000009cf8400000,0x0000009cf8500000) (1024K)]
=>0x0000026cfb28a080 JavaThread "C2 CompilerThread0"         daemon [_thread_in_native, id=9912, stack(0x0000009cf8500000,0x0000009cf8600000) (1024K)]
  0x0000026cfb28af30 JavaThread "C1 CompilerThread0"         daemon [_thread_blocked, id=6564, stack(0x0000009cf8600000,0x0000009cf8700000) (1024K)]
  0x0000026c930144b0 JavaThread "Notification Thread"        daemon [_thread_blocked, id=21860, stack(0x0000009cf8700000,0x0000009cf8800000) (1024K)]
  0x0000026c9303da50 JavaThread "C2 CompilerThread1"         daemon [_thread_in_native, id=24852, stack(0x0000009cf8800000,0x0000009cf8900000) (1024K)]
  0x0000026c93cd7e90 JavaThread "Daemon health stats"               [_thread_blocked, id=22212, stack(0x0000009cf8e00000,0x0000009cf8f00000) (1024K)]
  0x0000026c93cd8bb0 JavaThread "Incoming local TCP Connector on port 55879"        [_thread_in_native, id=15124, stack(0x0000009cf8f00000,0x0000009cf9000000) (1024K)]
  0x0000026c93cd8520 JavaThread "Daemon periodic checks"            [_thread_blocked, id=25312, stack(0x0000009cf9000000,0x0000009cf9100000) (1024K)]
  0x0000026c9463f010 JavaThread "Daemon"                            [_thread_blocked, id=17464, stack(0x0000009cf9100000,0x0000009cf9200000) (1024K)]
  0x0000026c9463dc60 JavaThread "Handler for socket connection from /127.0.0.1:55879 to /127.0.0.1:55880"        [_thread_in_native, id=25392, stack(0x0000009cf9200000,0x0000009cf9300000) (1024K)]
  0x0000026c9463f6a0 JavaThread "Cancel handler"                    [_thread_blocked, id=10192, stack(0x0000009cf9300000,0x0000009cf9400000) (1024K)]
  0x0000026c9463c220 JavaThread "Daemon worker"                     [_thread_in_vm, id=22108, stack(0x0000009cf9400000,0x0000009cf9500000) (1024K)]
  0x0000026c9463fd30 JavaThread "Asynchronous log dispatcher for DefaultDaemonConnection: socket connection from /127.0.0.1:55879 to /127.0.0.1:55880"        [_thread_blocked, id=1320, stack(0x0000009cf9500000,0x0000009cf9600000) (1024K)]
  0x0000026c9463c8b0 JavaThread "Stdin handler"                     [_thread_blocked, id=8012, stack(0x0000009cf9600000,0x0000009cf9700000) (1024K)]
  0x0000026c9463cf40 JavaThread "Daemon client event forwarder"        [_thread_blocked, id=20636, stack(0x0000009cf9700000,0x0000009cf9800000) (1024K)]
  0x0000026c946403c0 JavaThread "Cache worker for journal cache (C:\Users\User\.gradle\caches\journal-1)"        [_thread_blocked, id=14752, stack(0x0000009cf9e00000,0x0000009cf9f00000) (1024K)]
  0x0000026c94640a50 JavaThread "File lock request listener"        [_thread_in_native, id=23812, stack(0x0000009cf9f00000,0x0000009cfa000000) (1024K)]
  0x0000026c9463e2f0 JavaThread "Cache worker for file hash cache (C:\Users\User\.gradle\caches\8.13\fileHashes)"        [_thread_blocked, id=9108, stack(0x0000009cfa000000,0x0000009cfa100000) (1024K)]
  0x0000026c94642b20 JavaThread "Cache worker for file hash cache (C:\Users\User\StudioProjects\Android-Project\.gradle\8.13\fileHashes)"        [_thread_blocked, id=11328, stack(0x0000009cfa100000,0x0000009cfa200000) (1024K)]
  0x0000026c94641e00 JavaThread "Cache worker for Build Output Cleanup Cache (C:\Users\User\StudioProjects\Android-Project\.gradle\buildOutputCleanup)"        [_thread_blocked, id=23380, stack(0x0000009cfa200000,0x0000009cfa300000) (1024K)]
  0x0000026c946410e0 JavaThread "File watcher server"        daemon [_thread_in_native, id=23228, stack(0x0000009cfa300000,0x0000009cfa400000) (1024K)]
  0x0000026c946431b0 JavaThread "File watcher consumer"      daemon [_thread_blocked, id=18588, stack(0x0000009cfa400000,0x0000009cfa500000) (1024K)]
  0x0000026c94642490 JavaThread "jar transforms"                    [_thread_blocked, id=4660, stack(0x0000009cfa500000,0x0000009cfa600000) (1024K)]
  0x0000026c94643840 JavaThread "jar transforms Thread 2"           [_thread_blocked, id=16524, stack(0x0000009cfa600000,0x0000009cfa700000) (1024K)]
  0x0000026c93cd7800 JavaThread "Cache worker for checksums cache (C:\Users\User\StudioProjects\Android-Project\.gradle\8.13\checksums)"        [_thread_blocked, id=16276, stack(0x0000009cfa800000,0x0000009cfa900000) (1024K)]
  0x0000026c98445400 JavaThread "Cache worker for file content cache (C:\Users\User\.gradle\caches\8.13\fileContent)"        [_thread_blocked, id=5328, stack(0x0000009cfa900000,0x0000009cfaa00000) (1024K)]
  0x0000026c984439c0 JavaThread "jar transforms Thread 3"           [_thread_blocked, id=19640, stack(0x0000009cfaa00000,0x0000009cfab00000) (1024K)]
  0x0000026c98444050 JavaThread "Cache worker for cache directory md-supplier (C:\Users\User\.gradle\caches\8.13\md-supplier)"        [_thread_blocked, id=11352, stack(0x0000009cfab00000,0x0000009cfac00000) (1024K)]
  0x0000026c984446e0 JavaThread "Cache worker for cache directory md-rule (C:\Users\User\.gradle\caches\8.13\md-rule)"        [_thread_blocked, id=22436, stack(0x0000009cfac00000,0x0000009cfad00000) (1024K)]
  0x0000026c98441f80 JavaThread "Unconstrained build operations"        [_thread_blocked, id=24572, stack(0x0000009cfad00000,0x0000009cfae00000) (1024K)]
  0x0000026c98444d70 JavaThread "Unconstrained build operations Thread 2"        [_thread_blocked, id=1760, stack(0x0000009cfae00000,0x0000009cfaf00000) (1024K)]
  0x0000026c98445a90 JavaThread "Unconstrained build operations Thread 3"        [_thread_blocked, id=18124, stack(0x0000009cfaf00000,0x0000009cfb000000) (1024K)]
  0x0000026c98442610 JavaThread "Unconstrained build operations Thread 4"        [_thread_blocked, id=24992, stack(0x0000009cfb000000,0x0000009cfb100000) (1024K)]
  0x0000026c98443330 JavaThread "Unconstrained build operations Thread 5"        [_thread_blocked, id=18000, stack(0x0000009cfb100000,0x0000009cfb200000) (1024K)]
  0x0000026c984474d0 JavaThread "Unconstrained build operations Thread 6"        [_thread_blocked, id=14540, stack(0x0000009cfb200000,0x0000009cfb300000) (1024K)]
  0x0000026c98446120 JavaThread "Unconstrained build operations Thread 7"        [_thread_blocked, id=19152, stack(0x0000009cfb300000,0x0000009cfb400000) (1024K)]
  0x0000026c98447b60 JavaThread "Unconstrained build operations Thread 8"        [_thread_blocked, id=22516, stack(0x0000009cfb400000,0x0000009cfb500000) (1024K)]
  0x0000026c984467b0 JavaThread "Unconstrained build operations Thread 9"        [_thread_blocked, id=19092, stack(0x0000009cfb500000,0x0000009cfb600000) (1024K)]
  0x0000026c98448f10 JavaThread "Unconstrained build operations Thread 10"        [_thread_blocked, id=24160, stack(0x0000009cfb600000,0x0000009cfb700000) (1024K)]
  0x0000026c984495a0 JavaThread "Unconstrained build operations Thread 11"        [_thread_blocked, id=22704, stack(0x0000009cfb700000,0x0000009cfb800000) (1024K)]
  0x0000026c984481f0 JavaThread "Unconstrained build operations Thread 12"        [_thread_blocked, id=10292, stack(0x0000009cfb800000,0x0000009cfb900000) (1024K)]
  0x0000026c98448880 JavaThread "Unconstrained build operations Thread 13"        [_thread_blocked, id=18308, stack(0x0000009cfb900000,0x0000009cfba00000) (1024K)]
  0x0000026c98446e40 JavaThread "Unconstrained build operations Thread 14"        [_thread_blocked, id=25012, stack(0x0000009cfba00000,0x0000009cfbb00000) (1024K)]
  0x0000026c98e8d540 JavaThread "Unconstrained build operations Thread 15"        [_thread_blocked, id=15364, stack(0x0000009cfbb00000,0x0000009cfbc00000) (1024K)]
  0x0000026c98e8f610 JavaThread "Unconstrained build operations Thread 16"        [_thread_blocked, id=22336, stack(0x0000009cfbc00000,0x0000009cfbd00000) (1024K)]
  0x0000026c98e8dbd0 JavaThread "Unconstrained build operations Thread 17"        [_thread_blocked, id=20176, stack(0x0000009cfbd00000,0x0000009cfbe00000) (1024K)]
  0x0000026c98e8e260 JavaThread "Unconstrained build operations Thread 18"        [_thread_blocked, id=24208, stack(0x0000009cfbe00000,0x0000009cfbf00000) (1024K)]
  0x0000026c98e909c0 JavaThread "Unconstrained build operations Thread 19"        [_thread_blocked, id=20196, stack(0x0000009cfbf00000,0x0000009cfc000000) (1024K)]
  0x0000026c98e8fca0 JavaThread "Unconstrained build operations Thread 20"        [_thread_blocked, id=18168, stack(0x0000009cfc000000,0x0000009cfc100000) (1024K)]
  0x0000026c98e8ef80 JavaThread "jar transforms Thread 4"           [_thread_blocked, id=20424, stack(0x0000009cfc100000,0x0000009cfc200000) (1024K)]
  0x0000026c98e90330 JavaThread "jar transforms Thread 5"           [_thread_blocked, id=20508, stack(0x0000009cfc200000,0x0000009cfc300000) (1024K)]
  0x0000026c95290df0 JavaThread "Unconstrained build operations Thread 21"        [_thread_blocked, id=13392, stack(0x0000009cfc300000,0x0000009cfc400000) (1024K)]
  0x0000026c95291480 JavaThread "Unconstrained build operations Thread 22"        [_thread_blocked, id=22012, stack(0x0000009cfc400000,0x0000009cfc500000) (1024K)]
  0x0000026c9528ed20 JavaThread "Unconstrained build operations Thread 23"        [_thread_blocked, id=21656, stack(0x0000009cfc500000,0x0000009cfc600000) (1024K)]
  0x0000026c9528e690 JavaThread "Unconstrained build operations Thread 24"        [_thread_blocked, id=1136, stack(0x0000009cfc600000,0x0000009cfc700000) (1024K)]
  0x0000026c9528e000 JavaThread "Unconstrained build operations Thread 25"        [_thread_blocked, id=19896, stack(0x0000009cfc700000,0x0000009cfc800000) (1024K)]
  0x0000026c9528f3b0 JavaThread "Unconstrained build operations Thread 26"        [_thread_blocked, id=17640, stack(0x0000009cfc800000,0x0000009cfc900000) (1024K)]
  0x0000026c952900d0 JavaThread "Unconstrained build operations Thread 27"        [_thread_blocked, id=22936, stack(0x0000009cfc900000,0x0000009cfca00000) (1024K)]
  0x0000026c95291b10 JavaThread "Unconstrained build operations Thread 28"        [_thread_blocked, id=13640, stack(0x0000009cfca00000,0x0000009cfcb00000) (1024K)]
  0x0000026c952921a0 JavaThread "Unconstrained build operations Thread 29"        [_thread_blocked, id=12092, stack(0x0000009cfcb00000,0x0000009cfcc00000) (1024K)]
  0x0000026c95292830 JavaThread "Unconstrained build operations Thread 30"        [_thread_blocked, id=10460, stack(0x0000009cfcc00000,0x0000009cfcd00000) (1024K)]
  0x0000026c95292ec0 JavaThread "jar transforms Thread 6"           [_thread_blocked, id=8932, stack(0x0000009cfcd00000,0x0000009cfce00000) (1024K)]
  0x0000026c9528fa40 JavaThread "jar transforms Thread 7"           [_thread_blocked, id=24392, stack(0x0000009cfce00000,0x0000009cfcf00000) (1024K)]
  0x0000026c95293550 JavaThread "jar transforms Thread 8"           [_thread_blocked, id=1628, stack(0x0000009cfcf00000,0x0000009cfd000000) (1024K)]
Total: 71

Other Threads:
  0x0000026cfb1be7c0 VMThread "VM Thread"                           [id=24068, stack(0x0000009cf7d00000,0x0000009cf7e00000) (1024K)]
  0x0000026cfabdbe90 WatcherThread "VM Periodic Task Thread"        [id=22812, stack(0x0000009cf7c00000,0x0000009cf7d00000) (1024K)]
  0x0000026cf2533a20 WorkerThread "GC Thread#0"                     [id=24008, stack(0x0000009cf7700000,0x0000009cf7800000) (1024K)]
  0x0000026c9372b810 WorkerThread "GC Thread#1"                     [id=14492, stack(0x0000009cf8900000,0x0000009cf8a00000) (1024K)]
  0x0000026c9372bbb0 WorkerThread "GC Thread#2"                     [id=17252, stack(0x0000009cf8a00000,0x0000009cf8b00000) (1024K)]
  0x0000026c933894a0 WorkerThread "GC Thread#3"                     [id=6488, stack(0x0000009cf8b00000,0x0000009cf8c00000) (1024K)]
  0x0000026c93f03f00 WorkerThread "GC Thread#4"                     [id=25112, stack(0x0000009cf8c00000,0x0000009cf8d00000) (1024K)]
  0x0000026c956d7620 WorkerThread "GC Thread#5"                     [id=23260, stack(0x0000009cf8d00000,0x0000009cf8e00000) (1024K)]
  0x0000026c95902560 WorkerThread "GC Thread#6"                     [id=3180, stack(0x0000009cf9800000,0x0000009cf9900000) (1024K)]
  0x0000026c95903780 WorkerThread "GC Thread#7"                     [id=18668, stack(0x0000009cf9900000,0x0000009cf9a00000) (1024K)]
  0x0000026c959021c0 WorkerThread "GC Thread#8"                     [id=23696, stack(0x0000009cf9a00000,0x0000009cf9b00000) (1024K)]
  0x0000026c95901e20 WorkerThread "GC Thread#9"                     [id=5004, stack(0x0000009cf9b00000,0x0000009cf9c00000) (1024K)]
  0x0000026cf2545860 ConcurrentGCThread "G1 Main Marker"            [id=24940, stack(0x0000009cf7800000,0x0000009cf7900000) (1024K)]
  0x0000026cf2546c80 WorkerThread "G1 Conc#0"                       [id=10484, stack(0x0000009cf7900000,0x0000009cf7a00000) (1024K)]
  0x0000026c95903040 WorkerThread "G1 Conc#1"                       [id=13040, stack(0x0000009cf9c00000,0x0000009cf9d00000) (1024K)]
  0x0000026c959033e0 WorkerThread "G1 Conc#2"                       [id=4108, stack(0x0000009cf9d00000,0x0000009cf9e00000) (1024K)]
  0x0000026cfaab1a90 ConcurrentGCThread "G1 Refine#0"               [id=432, stack(0x0000009cf7a00000,0x0000009cf7b00000) (1024K)]
  0x0000026cfaab22b0 ConcurrentGCThread "G1 Service"                [id=23864, stack(0x0000009cf7b00000,0x0000009cf7c00000) (1024K)]
Total: 18

Threads with active compile tasks:
C2 CompilerThread0  7138 6577   !   4       java.net.URLClassLoader$1::run (81 bytes)
C2 CompilerThread1  7138 6574       4       java.net.URLClassLoader$1::run (5 bytes)
Total: 2

VM state: not at safepoint (normal execution)

VM Mutex/Monitor currently owned by a thread: None

Heap address: 0x0000000080000000, size: 2048 MB, Compressed Oops mode: 32-bit

CDS archive(s) not mapped
Compressed class space mapped at: 0x0000000100000000-0x0000000140000000, reserved size: 1073741824
Narrow klass base: 0x0000000000000000, Narrow klass shift: 3, Narrow klass range: 0x140000000

GC Precious Log:
 CardTable entry size: 512
 Card Set container configuration: InlinePtr #cards 5 size 8 Array Of Cards #cards 12 size 40 Howl #buckets 4 coarsen threshold 1843 Howl Bitmap #cards 512 size 80 coarsen threshold 460 Card regions per heap region 1 cards per card region 2048
 CPUs: 12 total, 12 available
 Memory: 11913M
 Large Page Support: Disabled
 NUMA Support: Disabled
 Compressed Oops: Enabled (32-bit)
 Heap Region Size: 1M
 Heap Min Capacity: 8M
 Heap Initial Capacity: 188M
 Heap Max Capacity: 2G
 Pre-touch: Disabled
 Parallel Workers: 10
 Concurrent Workers: 3
 Concurrent Refinement Workers: 10
 Periodic GC: Disabled

Heap:
 garbage-first heap   total 102400K, used 87324K [0x0000000080000000, 0x0000000100000000)
  region size 1024K, 44 young (45056K), 4 survivors (4096K)
 Metaspace       used 69491K, committed 71168K, reserved 1114112K
  class space    used 9807K, committed 10624K, reserved 1048576K

Heap Regions: E=young(eden), S=young(survivor), O=old, HS=humongous(starts), HC=humongous(continues), CS=collection set, F=free, TAMS=top-at-mark-start, PB=parsable bottom
|   0|0x0000000080000000, 0x0000000080100000, 0x0000000080100000|100%|HS|  |TAMS 0x0000000080000000| PB 0x0000000080000000| Complete 
|   1|0x0000000080100000, 0x0000000080200000, 0x0000000080200000|100%|HC|  |TAMS 0x0000000080100000| PB 0x0000000080100000| Complete 
|   2|0x0000000080200000, 0x0000000080300000, 0x0000000080300000|100%|HC|  |TAMS 0x0000000080200000| PB 0x0000000080200000| Complete 
|   3|0x0000000080300000, 0x0000000080400000, 0x0000000080400000|100%| O|  |TAMS 0x0000000080300000| PB 0x0000000080300000| Untracked 
|   4|0x0000000080400000, 0x0000000080500000, 0x0000000080500000|100%| O|  |TAMS 0x0000000080400000| PB 0x0000000080400000| Untracked 
|   5|0x0000000080500000, 0x0000000080600000, 0x0000000080600000|100%| O|  |TAMS 0x0000000080500000| PB 0x0000000080500000| Untracked 
|   6|0x0000000080600000, 0x0000000080700000, 0x0000000080700000|100%|HS|  |TAMS 0x0000000080600000| PB 0x0000000080600000| Complete 
|   7|0x0000000080700000, 0x0000000080800000, 0x0000000080800000|100%| O|  |TAMS 0x0000000080700000| PB 0x0000000080700000| Untracked 
|   8|0x0000000080800000, 0x0000000080900000, 0x0000000080900000|100%| O|  |TAMS 0x0000000080800000| PB 0x0000000080800000| Untracked 
|   9|0x0000000080900000, 0x0000000080a00000, 0x0000000080a00000|100%| O|  |TAMS 0x0000000080900000| PB 0x0000000080900000| Untracked 
|  10|0x0000000080a00000, 0x0000000080b00000, 0x0000000080b00000|100%| O|  |TAMS 0x0000000080a00000| PB 0x0000000080a00000| Untracked 
|  11|0x0000000080b00000, 0x0000000080c00000, 0x0000000080c00000|100%| O|  |TAMS 0x0000000080b00000| PB 0x0000000080b00000| Untracked 
|  12|0x0000000080c00000, 0x0000000080d00000, 0x0000000080d00000|100%| O|  |TAMS 0x0000000080c00000| PB 0x0000000080c00000| Untracked 
|  13|0x0000000080d00000, 0x0000000080e00000, 0x0000000080e00000|100%| O|  |TAMS 0x0000000080d00000| PB 0x0000000080d00000| Untracked 
|  14|0x0000000080e00000, 0x0000000080f00000, 0x0000000080f00000|100%| O|  |TAMS 0x0000000080e00000| PB 0x0000000080e00000| Untracked 
|  15|0x0000000080f00000, 0x0000000081000000, 0x0000000081000000|100%| O|  |TAMS 0x0000000080f00000| PB 0x0000000080f00000| Untracked 
|  16|0x0000000081000000, 0x0000000081100000, 0x0000000081100000|100%| O|Cm|TAMS 0x0000000081000000| PB 0x0000000081000000| Complete 
|  17|0x0000000081100000, 0x0000000081200000, 0x0000000081200000|100%| O|  |TAMS 0x0000000081100000| PB 0x0000000081100000| Untracked 
|  18|0x0000000081200000, 0x0000000081300000, 0x0000000081300000|100%| O|  |TAMS 0x0000000081200000| PB 0x0000000081200000| Untracked 
|  19|0x0000000081300000, 0x0000000081400000, 0x0000000081400000|100%| O|Cm|TAMS 0x0000000081300000| PB 0x0000000081300000| Complete 
|  20|0x0000000081400000, 0x0000000081500000, 0x0000000081500000|100%| O|  |TAMS 0x0000000081400000| PB 0x0000000081400000| Untracked 
|  21|0x0000000081500000, 0x0000000081600000, 0x0000000081600000|100%| O|  |TAMS 0x0000000081500000| PB 0x0000000081500000| Untracked 
|  22|0x0000000081600000, 0x0000000081700000, 0x0000000081700000|100%| O|  |TAMS 0x0000000081600000| PB 0x0000000081600000| Untracked 
|  23|0x0000000081700000, 0x0000000081800000, 0x0000000081800000|100%| O|  |TAMS 0x0000000081700000| PB 0x0000000081700000| Untracked 
|  24|0x0000000081800000, 0x0000000081900000, 0x0000000081900000|100%| O|  |TAMS 0x0000000081800000| PB 0x0000000081800000| Untracked 
|  25|0x0000000081900000, 0x0000000081a00000, 0x0000000081a00000|100%| O|  |TAMS 0x0000000081900000| PB 0x0000000081900000| Untracked 
|  26|0x0000000081a00000, 0x0000000081b00000, 0x0000000081b00000|100%| O|  |TAMS 0x0000000081a00000| PB 0x0000000081a00000| Untracked 
|  27|0x0000000081b00000, 0x0000000081c00000, 0x0000000081c00000|100%| O|  |TAMS 0x0000000081b00000| PB 0x0000000081b00000| Untracked 
|  28|0x0000000081c00000, 0x0000000081d00000, 0x0000000081d00000|100%| O|  |TAMS 0x0000000081c00000| PB 0x0000000081c00000| Untracked 
|  29|0x0000000081d00000, 0x0000000081e00000, 0x0000000081e00000|100%|HS|  |TAMS 0x0000000081d00000| PB 0x0000000081d00000| Complete 
|  30|0x0000000081e00000, 0x0000000081f00000, 0x0000000081f00000|100%|HC|  |TAMS 0x0000000081e00000| PB 0x0000000081e00000| Complete 
|  31|0x0000000081f00000, 0x0000000081f00000, 0x0000000082000000|  0%| F|  |TAMS 0x0000000081f00000| PB 0x0000000081f00000| Untracked 
|  32|0x0000000082000000, 0x0000000082100000, 0x0000000082100000|100%| O|  |TAMS 0x0000000082000000| PB 0x0000000082000000| Untracked 
|  33|0x0000000082100000, 0x0000000082200000, 0x0000000082200000|100%| O|  |TAMS 0x0000000082100000| PB 0x0000000082100000| Untracked 
|  34|0x0000000082200000, 0x0000000082300000, 0x0000000082300000|100%| O|  |TAMS 0x0000000082200000| PB 0x0000000082200000| Untracked 
|  35|0x0000000082300000, 0x0000000082400000, 0x0000000082400000|100%| O|  |TAMS 0x0000000082300000| PB 0x0000000082300000| Untracked 
|  36|0x0000000082400000, 0x0000000082400000, 0x0000000082500000|  0%| F|  |TAMS 0x0000000082400000| PB 0x0000000082400000| Untracked 
|  37|0x0000000082500000, 0x0000000082600000, 0x0000000082600000|100%| O|  |TAMS 0x0000000082500000| PB 0x0000000082500000| Untracked 
|  38|0x0000000082600000, 0x0000000082600000, 0x0000000082700000|  0%| F|  |TAMS 0x0000000082600000| PB 0x0000000082600000| Untracked 
|  39|0x0000000082700000, 0x0000000082700000, 0x0000000082800000|  0%| F|  |TAMS 0x0000000082700000| PB 0x0000000082700000| Untracked 
|  40|0x0000000082800000, 0x0000000082800000, 0x0000000082900000|  0%| F|  |TAMS 0x0000000082800000| PB 0x0000000082800000| Untracked 
|  41|0x0000000082900000, 0x0000000082a00000, 0x0000000082a00000|100%| O|  |TAMS 0x0000000082900000| PB 0x0000000082900000| Untracked 
|  42|0x0000000082a00000, 0x0000000082b00000, 0x0000000082b00000|100%| O|  |TAMS 0x0000000082a00000| PB 0x0000000082a00000| Untracked 
|  43|0x0000000082b00000, 0x0000000082b00000, 0x0000000082c00000|  0%| F|  |TAMS 0x0000000082b00000| PB 0x0000000082b00000| Untracked 
|  44|0x0000000082c00000, 0x0000000082c00000, 0x0000000082d00000|  0%| F|  |TAMS 0x0000000082c00000| PB 0x0000000082c00000| Untracked 
|  45|0x0000000082d00000, 0x0000000082e00000, 0x0000000082e00000|100%| O|  |TAMS 0x0000000082d00000| PB 0x0000000082d00000| Untracked 
|  46|0x0000000082e00000, 0x0000000082e2cc20, 0x0000000082f00000| 17%| O|  |TAMS 0x0000000082e00000| PB 0x0000000082e00000| Untracked 
|  47|0x0000000082f00000, 0x0000000082f00000, 0x0000000083000000|  0%| F|  |TAMS 0x0000000082f00000| PB 0x0000000082f00000| Untracked 
|  48|0x0000000083000000, 0x000000008301a6f8, 0x0000000083100000| 10%| S|CS|TAMS 0x0000000083000000| PB 0x0000000083000000| Complete 
|  49|0x0000000083100000, 0x0000000083200000, 0x0000000083200000|100%| S|CS|TAMS 0x0000000083100000| PB 0x0000000083100000| Complete 
|  50|0x0000000083200000, 0x0000000083300000, 0x0000000083300000|100%| S|CS|TAMS 0x0000000083200000| PB 0x0000000083200000| Complete 
|  51|0x0000000083300000, 0x0000000083400000, 0x0000000083400000|100%| S|CS|TAMS 0x0000000083300000| PB 0x0000000083300000| Complete 
|  52|0x0000000083400000, 0x0000000083400000, 0x0000000083500000|  0%| F|  |TAMS 0x0000000083400000| PB 0x0000000083400000| Untracked 
|  53|0x0000000083500000, 0x0000000083500000, 0x0000000083600000|  0%| F|  |TAMS 0x0000000083500000| PB 0x0000000083500000| Untracked 
|  54|0x0000000083600000, 0x0000000083600000, 0x0000000083700000|  0%| F|  |TAMS 0x0000000083600000| PB 0x0000000083600000| Untracked 
|  55|0x0000000083700000, 0x0000000083700000, 0x0000000083800000|  0%| F|  |TAMS 0x0000000083700000| PB 0x0000000083700000| Untracked 
|  56|0x0000000083800000, 0x0000000083880000, 0x0000000083900000| 50%| E|  |TAMS 0x0000000083800000| PB 0x0000000083800000| Complete 
|  57|0x0000000083900000, 0x0000000083a00000, 0x0000000083a00000|100%| E|CS|TAMS 0x0000000083900000| PB 0x0000000083900000| Complete 
|  58|0x0000000083a00000, 0x0000000083b00000, 0x0000000083b00000|100%| E|CS|TAMS 0x0000000083a00000| PB 0x0000000083a00000| Complete 
|  59|0x0000000083b00000, 0x0000000083c00000, 0x0000000083c00000|100%| E|CS|TAMS 0x0000000083b00000| PB 0x0000000083b00000| Complete 
|  60|0x0000000083c00000, 0x0000000083d00000, 0x0000000083d00000|100%| E|CS|TAMS 0x0000000083c00000| PB 0x0000000083c00000| Complete 
|  61|0x0000000083d00000, 0x0000000083e00000, 0x0000000083e00000|100%| E|CS|TAMS 0x0000000083d00000| PB 0x0000000083d00000| Complete 
|  62|0x0000000083e00000, 0x0000000083f00000, 0x0000000083f00000|100%| E|CS|TAMS 0x0000000083e00000| PB 0x0000000083e00000| Complete 
|  63|0x0000000083f00000, 0x0000000084000000, 0x0000000084000000|100%| E|CS|TAMS 0x0000000083f00000| PB 0x0000000083f00000| Complete 
|  64|0x0000000084000000, 0x0000000084100000, 0x0000000084100000|100%| E|CS|TAMS 0x0000000084000000| PB 0x0000000084000000| Complete 
|  65|0x0000000084100000, 0x0000000084200000, 0x0000000084200000|100%| E|CS|TAMS 0x0000000084100000| PB 0x0000000084100000| Complete 
|  66|0x0000000084200000, 0x0000000084300000, 0x0000000084300000|100%| E|CS|TAMS 0x0000000084200000| PB 0x0000000084200000| Complete 
|  67|0x0000000084300000, 0x0000000084400000, 0x0000000084400000|100%| E|CS|TAMS 0x0000000084300000| PB 0x0000000084300000| Complete 
|  68|0x0000000084400000, 0x0000000084500000, 0x0000000084500000|100%| E|CS|TAMS 0x0000000084400000| PB 0x0000000084400000| Complete 
|  69|0x0000000084500000, 0x0000000084600000, 0x0000000084600000|100%| E|CS|TAMS 0x0000000084500000| PB 0x0000000084500000| Complete 
|  70|0x0000000084600000, 0x0000000084700000, 0x0000000084700000|100%| E|CS|TAMS 0x0000000084600000| PB 0x0000000084600000| Complete 
|  71|0x0000000084700000, 0x0000000084800000, 0x0000000084800000|100%| E|CS|TAMS 0x0000000084700000| PB 0x0000000084700000| Complete 
|  72|0x0000000084800000, 0x0000000084900000, 0x0000000084900000|100%| E|CS|TAMS 0x0000000084800000| PB 0x0000000084800000| Complete 
|  73|0x0000000084900000, 0x0000000084a00000, 0x0000000084a00000|100%| E|CS|TAMS 0x0000000084900000| PB 0x0000000084900000| Complete 
|  74|0x0000000084a00000, 0x0000000084b00000, 0x0000000084b00000|100%| E|CS|TAMS 0x0000000084a00000| PB 0x0000000084a00000| Complete 
|  75|0x0000000084b00000, 0x0000000084c00000, 0x0000000084c00000|100%| E|CS|TAMS 0x0000000084b00000| PB 0x0000000084b00000| Complete 
|  76|0x0000000084c00000, 0x0000000084d00000, 0x0000000084d00000|100%| E|CS|TAMS 0x0000000084c00000| PB 0x0000000084c00000| Complete 
|  77|0x0000000084d00000, 0x0000000084e00000, 0x0000000084e00000|100%| E|CS|TAMS 0x0000000084d00000| PB 0x0000000084d00000| Complete 
|  78|0x0000000084e00000, 0x0000000084f00000, 0x0000000084f00000|100%| E|CS|TAMS 0x0000000084e00000| PB 0x0000000084e00000| Complete 
|  79|0x0000000084f00000, 0x0000000085000000, 0x0000000085000000|100%| E|CS|TAMS 0x0000000084f00000| PB 0x0000000084f00000| Complete 
|  80|0x0000000085000000, 0x0000000085100000, 0x0000000085100000|100%| E|CS|TAMS 0x0000000085000000| PB 0x0000000085000000| Complete 
|  81|0x0000000085100000, 0x0000000085200000, 0x0000000085200000|100%| E|CS|TAMS 0x0000000085100000| PB 0x0000000085100000| Complete 
|  82|0x0000000085200000, 0x0000000085300000, 0x0000000085300000|100%| E|CS|TAMS 0x0000000085200000| PB 0x0000000085200000| Complete 
|  83|0x0000000085300000, 0x0000000085400000, 0x0000000085400000|100%| E|CS|TAMS 0x0000000085300000| PB 0x0000000085300000| Complete 
|  84|0x0000000085400000, 0x0000000085500000, 0x0000000085500000|100%| E|CS|TAMS 0x0000000085400000| PB 0x0000000085400000| Complete 
| 151|0x0000000089700000, 0x0000000089800000, 0x0000000089800000|100%| E|CS|TAMS 0x0000000089700000| PB 0x0000000089700000| Complete 
| 152|0x0000000089800000, 0x0000000089900000, 0x0000000089900000|100%| E|CS|TAMS 0x0000000089800000| PB 0x0000000089800000| Complete 
| 153|0x0000000089900000, 0x0000000089a00000, 0x0000000089a00000|100%| E|CS|TAMS 0x0000000089900000| PB 0x0000000089900000| Complete 
| 154|0x0000000089a00000, 0x0000000089b00000, 0x0000000089b00000|100%| E|CS|TAMS 0x0000000089a00000| PB 0x0000000089a00000| Complete 
| 155|0x0000000089b00000, 0x0000000089c00000, 0x0000000089c00000|100%| E|CS|TAMS 0x0000000089b00000| PB 0x0000000089b00000| Complete 
| 156|0x0000000089c00000, 0x0000000089d00000, 0x0000000089d00000|100%| E|CS|TAMS 0x0000000089c00000| PB 0x0000000089c00000| Complete 
| 157|0x0000000089d00000, 0x0000000089e00000, 0x0000000089e00000|100%| E|CS|TAMS 0x0000000089d00000| PB 0x0000000089d00000| Complete 
| 158|0x0000000089e00000, 0x0000000089f00000, 0x0000000089f00000|100%| E|CS|TAMS 0x0000000089e00000| PB 0x0000000089e00000| Complete 
| 159|0x0000000089f00000, 0x000000008a000000, 0x000000008a000000|100%| E|CS|TAMS 0x0000000089f00000| PB 0x0000000089f00000| Complete 
| 187|0x000000008bb00000, 0x000000008bc00000, 0x000000008bc00000|100%| E|CS|TAMS 0x000000008bb00000| PB 0x000000008bb00000| Complete 
|2043|0x00000000ffb00000, 0x00000000ffc00000, 0x00000000ffc00000|100%| E|CS|TAMS 0x00000000ffb00000| PB 0x00000000ffb00000| Complete 
|2044|0x00000000ffc00000, 0x00000000ffd00000, 0x00000000ffd00000|100%| O|  |TAMS 0x00000000ffc00000| PB 0x00000000ffc00000| Untracked 
|2045|0x00000000ffd00000, 0x00000000ffe00000, 0x00000000ffe00000|100%| O|  |TAMS 0x00000000ffd00000| PB 0x00000000ffd00000| Untracked 
|2046|0x00000000ffe00000, 0x00000000fff00000, 0x00000000fff00000|100%| O|  |TAMS 0x00000000ffe00000| PB 0x00000000ffe00000| Untracked 
|2047|0x00000000fff00000, 0x0000000100000000, 0x0000000100000000|100%| O|  |TAMS 0x00000000fff00000| PB 0x00000000fff00000| Untracked 

Card table byte_map: [0x0000026cf5f70000,0x0000026cf6370000] _byte_map_base: 0x0000026cf5b70000

Marking Bits: (CMBitMap*) 0x0000026cf2533ed0
 Bits: [0x0000026cf6370000, 0x0000026cf8370000)

Polling page: 0x0000026cf0550000

Metaspace:

Usage:
  Non-class:     58.30 MB used.
      Class:      9.59 MB used.
       Both:     67.89 MB used.

Virtual space:
  Non-class space:       64.00 MB reserved,      59.12 MB ( 92%) committed,  1 nodes.
      Class space:        1.00 GB reserved,      10.38 MB (  1%) committed,  1 nodes.
             Both:        1.06 GB reserved,      69.50 MB (  6%) committed. 

Chunk freelists:
   Non-Class:  4.14 MB
       Class:  5.58 MB
        Both:  9.72 MB

MaxMetaspaceSize: unlimited
CompressedClassSpaceSize: 1.00 GB
Initial GC threshold: 21.00 MB
Current GC threshold: 98.06 MB
CDS: off
 - commit_granule_bytes: 65536.
 - commit_granule_words: 8192.
 - virtual_space_node_default_size: 8388608.
 - enlarge_chunks_in_place: 1.
 - use_allocation_guard: 0.


Internal statistics:

num_allocs_failed_limit: 9.
num_arena_births: 3176.
num_arena_deaths: 0.
num_vsnodes_births: 2.
num_vsnodes_deaths: 0.
num_space_committed: 1112.
num_space_uncommitted: 0.
num_chunks_returned_to_freelist: 9.
num_chunks_taken_from_freelist: 5996.
num_chunk_merges: 9.
num_chunk_splits: 3929.
num_chunks_enlarged: 2425.
num_inconsistent_stats: 0.

CodeHeap 'non-profiled nmethods': size=120000Kb used=4013Kb max_used=4013Kb free=115986Kb
 bounds [0x0000026c87ad0000, 0x0000026c87ec0000, 0x0000026c8f000000]
CodeHeap 'profiled nmethods': size=120000Kb used=11243Kb max_used=11243Kb free=108756Kb
 bounds [0x0000026c80000000, 0x0000026c80b00000, 0x0000026c87530000]
CodeHeap 'non-nmethods': size=5760Kb used=2598Kb max_used=2621Kb free=3161Kb
 bounds [0x0000026c87530000, 0x0000026c877d0000, 0x0000026c87ad0000]
CodeCache: size=245760Kb, used=17854Kb, max_used=17877Kb, free=227903Kb
 total_blobs=6841, nmethods=5954, adapters=791, full_count=0
Compilation: enabled, stopped_count=0, restarted_count=0

Compilation events (20 events):
Event: 6.925 Thread 0x0000026cfb28af30 6601       3       com.google.common.collect.ImmutableSet$RegularSetBuilderImpl::<init> (21 bytes)
Event: 6.925 Thread 0x0000026cfb28af30 nmethod 6601 0x0000026c80ae0110 code [0x0000026c80ae02c0, 0x0000026c80ae05c0]
Event: 6.925 Thread 0x0000026cfb28af30 6602       3       com.google.common.collect.ImmutableSet$RegularSetBuilderImpl::review (86 bytes)
Event: 6.925 Thread 0x0000026cfb28af30 nmethod 6602 0x0000026c80ae0690 code [0x0000026c80ae08e0, 0x0000026c80ae0dc0]
Event: 6.926 Thread 0x0000026cfb28af30 6603       3       com.google.common.reflect.TypeResolver::resolveType (74 bytes)
Event: 6.926 Thread 0x0000026cfb28af30 nmethod 6603 0x0000026c80ae0f90 code [0x0000026c80ae1240, 0x0000026c80ae2030]
Event: 6.926 Thread 0x0000026cfb28af30 6604       3       com.google.common.collect.ImmutableMap::copyOf (58 bytes)
Event: 6.927 Thread 0x0000026cfb28af30 nmethod 6604 0x0000026c80ae2290 code [0x0000026c80ae24c0, 0x0000026c80ae2d48]
Event: 6.927 Thread 0x0000026cfb28af30 6605       3       com.google.common.cache.LocalCache::usesWriteQueue (5 bytes)
Event: 6.928 Thread 0x0000026cfb28af30 nmethod 6605 0x0000026c80ae2e90 code [0x0000026c80ae3040, 0x0000026c80ae3218]
Event: 6.928 Thread 0x0000026cfb28af30 6606       3       com.google.common.cache.LocalCache$Segment::newEntryArray (9 bytes)
Event: 6.928 Thread 0x0000026cfb28af30 nmethod 6606 0x0000026c80ae3310 code [0x0000026c80ae34c0, 0x0000026c80ae37c8]
Event: 6.928 Thread 0x0000026cfb28af30 6607       3       java.lang.invoke.LambdaForm$Name::<init> (19 bytes)
Event: 6.929 Thread 0x0000026cfb28af30 nmethod 6607 0x0000026c80ae3910 code [0x0000026c80ae3b40, 0x0000026c80ae41d0]
Event: 6.936 Thread 0x0000026cfb28af30 6608       3       org.gradle.internal.instantiation.generator.AbstractClassGenerator::inspectType (602 bytes)
Event: 6.938 Thread 0x0000026cfb28af30 nmethod 6608 0x0000026c80ae4510 code [0x0000026c80ae4da0, 0x0000026c80ae9df0]
Event: 6.951 Thread 0x0000026cfb28af30 6609       3       java.util.EnumMap::get (29 bytes)
Event: 6.952 Thread 0x0000026cfb28af30 nmethod 6609 0x0000026c80aeb710 code [0x0000026c80aeb8e0, 0x0000026c80aebc88]
Event: 6.952 Thread 0x0000026cfb28af30 6610       3       java.util.EnumMap::isValidKey (36 bytes)
Event: 6.952 Thread 0x0000026cfb28af30 nmethod 6610 0x0000026c80aebe10 code [0x0000026c80aebfe0, 0x0000026c80aec240]

GC Heap History (20 events):
Event: 3.207 GC heap before
{Heap before GC invocations=5 (full 0):
 garbage-first heap   total 71680K, used 70158K [0x0000000080000000, 0x0000000100000000)
  region size 1024K, 58 young (59392K), 9 survivors (9216K)
 Metaspace       used 29190K, committed 29760K, reserved 1114112K
  class space    used 3815K, committed 4096K, reserved 1048576K
}
Event: 3.214 GC heap after
{Heap after GC invocations=6 (full 0):
 garbage-first heap   total 83968K, used 22781K [0x0000000080000000, 0x0000000100000000)
  region size 1024K, 7 young (7168K), 7 survivors (7168K)
 Metaspace       used 29190K, committed 29760K, reserved 1114112K
  class space    used 3815K, committed 4096K, reserved 1048576K
}
Event: 3.695 GC heap before
{Heap before GC invocations=6 (full 0):
 garbage-first heap   total 83968K, used 65789K [0x0000000080000000, 0x0000000100000000)
  region size 1024K, 49 young (50176K), 7 survivors (7168K)
 Metaspace       used 34950K, committed 35776K, reserved 1114112K
  class space    used 4848K, committed 5248K, reserved 1048576K
}
Event: 3.700 GC heap after
{Heap after GC invocations=7 (full 0):
 garbage-first heap   total 83968K, used 25764K [0x0000000080000000, 0x0000000100000000)
  region size 1024K, 6 young (6144K), 6 survivors (6144K)
 Metaspace       used 34950K, committed 35776K, reserved 1114112K
  class space    used 4848K, committed 5248K, reserved 1048576K
}
Event: 3.716 GC heap before
{Heap before GC invocations=7 (full 0):
 garbage-first heap   total 83968K, used 26788K [0x0000000080000000, 0x0000000100000000)
  region size 1024K, 8 young (8192K), 6 survivors (6144K)
 Metaspace       used 35158K, committed 35968K, reserved 1114112K
  class space    used 4853K, committed 5248K, reserved 1048576K
}
Event: 3.720 GC heap after
{Heap after GC invocations=8 (full 0):
 garbage-first heap   total 83968K, used 26382K [0x0000000080000000, 0x0000000100000000)
  region size 1024K, 4 young (4096K), 4 survivors (4096K)
 Metaspace       used 35158K, committed 35968K, reserved 1114112K
  class space    used 4853K, committed 5248K, reserved 1048576K
}
Event: 4.342 GC heap before
{Heap before GC invocations=9 (full 0):
 garbage-first heap   total 83968K, used 64270K [0x0000000080000000, 0x0000000100000000)
  region size 1024K, 42 young (43008K), 4 survivors (4096K)
 Metaspace       used 42939K, committed 43840K, reserved 1114112K
  class space    used 5911K, committed 6336K, reserved 1048576K
}
Event: 4.346 GC heap after
{Heap after GC invocations=10 (full 0):
 garbage-first heap   total 83968K, used 29106K [0x0000000080000000, 0x0000000100000000)
  region size 1024K, 6 young (6144K), 6 survivors (6144K)
 Metaspace       used 42939K, committed 43840K, reserved 1114112K
  class space    used 5911K, committed 6336K, reserved 1048576K
}
Event: 4.684 GC heap before
{Heap before GC invocations=10 (full 0):
 garbage-first heap   total 83968K, used 72114K [0x0000000080000000, 0x0000000100000000)
  region size 1024K, 44 young (45056K), 6 survivors (6144K)
 Metaspace       used 46195K, committed 47168K, reserved 1114112K
  class space    used 6219K, committed 6720K, reserved 1048576K
}
Event: 4.689 GC heap after
{Heap after GC invocations=11 (full 0):
 garbage-first heap   total 84992K, used 32546K [0x0000000080000000, 0x0000000100000000)
  region size 1024K, 4 young (4096K), 4 survivors (4096K)
 Metaspace       used 46195K, committed 47168K, reserved 1114112K
  class space    used 6219K, committed 6720K, reserved 1048576K
}
Event: 5.105 GC heap before
{Heap before GC invocations=11 (full 0):
 garbage-first heap   total 84992K, used 70434K [0x0000000080000000, 0x0000000100000000)
  region size 1024K, 41 young (41984K), 4 survivors (4096K)
 Metaspace       used 50561K, committed 51840K, reserved 1114112K
  class space    used 6945K, committed 7552K, reserved 1048576K
}
Event: 5.108 GC heap after
{Heap after GC invocations=12 (full 0):
 garbage-first heap   total 84992K, used 34789K [0x0000000080000000, 0x0000000100000000)
  region size 1024K, 3 young (3072K), 3 survivors (3072K)
 Metaspace       used 50561K, committed 51840K, reserved 1114112K
  class space    used 6945K, committed 7552K, reserved 1048576K
}
Event: 5.480 GC heap before
{Heap before GC invocations=12 (full 0):
 garbage-first heap   total 84992K, used 71653K [0x0000000080000000, 0x0000000100000000)
  region size 1024K, 39 young (39936K), 3 survivors (3072K)
 Metaspace       used 55352K, committed 56832K, reserved 1114112K
  class space    used 7752K, committed 8448K, reserved 1048576K
}
Event: 5.489 GC heap after
{Heap after GC invocations=13 (full 0):
 garbage-first heap   total 84992K, used 36523K [0x0000000080000000, 0x0000000100000000)
  region size 1024K, 2 young (2048K), 2 survivors (2048K)
 Metaspace       used 55352K, committed 56832K, reserved 1114112K
  class space    used 7752K, committed 8448K, reserved 1048576K
}
Event: 5.982 GC heap before
{Heap before GC invocations=13 (full 0):
 garbage-first heap   total 84992K, used 72363K [0x0000000080000000, 0x0000000100000000)
  region size 1024K, 36 young (36864K), 2 survivors (2048K)
 Metaspace       used 57190K, committed 58688K, reserved 1114112K
  class space    used 8008K, committed 8704K, reserved 1048576K
}
Event: 5.995 GC heap after
{Heap after GC invocations=14 (full 0):
 garbage-first heap   total 102400K, used 45209K [0x0000000080000000, 0x0000000100000000)
  region size 1024K, 5 young (5120K), 5 survivors (5120K)
 Metaspace       used 57190K, committed 58688K, reserved 1114112K
  class space    used 8008K, committed 8704K, reserved 1048576K
}
Event: 6.129 GC heap before
{Heap before GC invocations=14 (full 0):
 garbage-first heap   total 102400K, used 77977K [0x0000000080000000, 0x0000000100000000)
  region size 1024K, 37 young (37888K), 5 survivors (5120K)
 Metaspace       used 58629K, committed 60096K, reserved 1114112K
  class space    used 8108K, committed 8832K, reserved 1048576K
}
Event: 6.139 GC heap after
{Heap after GC invocations=15 (full 0):
 garbage-first heap   total 102400K, used 45771K [0x0000000080000000, 0x0000000100000000)
  region size 1024K, 2 young (2048K), 2 survivors (2048K)
 Metaspace       used 58629K, committed 60096K, reserved 1114112K
  class space    used 8108K, committed 8832K, reserved 1048576K
}
Event: 6.557 GC heap before
{Heap before GC invocations=16 (full 0):
 garbage-first heap   total 102400K, used 88779K [0x0000000080000000, 0x0000000100000000)
  region size 1024K, 44 young (45056K), 2 survivors (2048K)
 Metaspace       used 64473K, committed 66112K, reserved 1114112K
  class space    used 8988K, committed 9792K, reserved 1048576K
}
Event: 6.565 GC heap after
{Heap after GC invocations=17 (full 0):
 garbage-first heap   total 102400K, used 47388K [0x0000000080000000, 0x0000000100000000)
  region size 1024K, 4 young (4096K), 4 survivors (4096K)
 Metaspace       used 64473K, committed 66112K, reserved 1114112K
  class space    used 8988K, committed 9792K, reserved 1048576K
}

Dll operation events (3 events):
Event: 0.018 Loaded shared library C:\Program Files\Android\Android Studio\jbr\bin\java.dll
Event: 0.023 Loaded shared library C:\Program Files\Android\Android Studio\jbr\bin\zip.dll
Event: 0.451 Loaded shared library C:\Program Files\Android\Android Studio\jbr\bin\verify.dll

Deoptimization events (20 events):
Event: 6.861 Thread 0x0000026c9463c220 Uncommon trap: trap_request=0xffffffde fr.pc=0x0000026c87d2b704 relative=0x0000000000005c04
Event: 6.861 Thread 0x0000026c9463c220 Uncommon trap: reason=class_check action=maybe_recompile pc=0x0000026c87d2b704 method=java.net.URLClassLoader.defineClass(Ljava/lang/String;Ljdk/internal/loader/Resource;)Ljava/lang/Class; @ 34 c2
Event: 6.861 Thread 0x0000026c9463c220 DEOPT PACKING pc=0x0000026c87d2b704 sp=0x0000009cf94f84e0
Event: 6.861 Thread 0x0000026c9463c220 DEOPT UNPACKING pc=0x0000026c875843a2 sp=0x0000009cf94f82e8 mode 2
Event: 6.862 Thread 0x0000026c9463c220 Uncommon trap: trap_request=0xffffffde fr.pc=0x0000026c87d2b704 relative=0x0000000000005c04
Event: 6.862 Thread 0x0000026c9463c220 Uncommon trap: reason=class_check action=maybe_recompile pc=0x0000026c87d2b704 method=java.net.URLClassLoader.defineClass(Ljava/lang/String;Ljdk/internal/loader/Resource;)Ljava/lang/Class; @ 34 c2
Event: 6.862 Thread 0x0000026c9463c220 DEOPT PACKING pc=0x0000026c87d2b704 sp=0x0000009cf94f84e0
Event: 6.862 Thread 0x0000026c9463c220 DEOPT UNPACKING pc=0x0000026c875843a2 sp=0x0000009cf94f82e8 mode 2
Event: 6.863 Thread 0x0000026c9463c220 Uncommon trap: trap_request=0xffffffde fr.pc=0x0000026c87d2b704 relative=0x0000000000005c04
Event: 6.863 Thread 0x0000026c9463c220 Uncommon trap: reason=class_check action=maybe_recompile pc=0x0000026c87d2b704 method=java.net.URLClassLoader.defineClass(Ljava/lang/String;Ljdk/internal/loader/Resource;)Ljava/lang/Class; @ 34 c2
Event: 6.863 Thread 0x0000026c9463c220 DEOPT PACKING pc=0x0000026c87d2b704 sp=0x0000009cf94f84e0
Event: 6.863 Thread 0x0000026c9463c220 DEOPT UNPACKING pc=0x0000026c875843a2 sp=0x0000009cf94f82e8 mode 2
Event: 6.864 Thread 0x0000026c9463c220 Uncommon trap: trap_request=0xffffffde fr.pc=0x0000026c87d1d3e0 relative=0x0000000000005360
Event: 6.864 Thread 0x0000026c9463c220 Uncommon trap: reason=class_check action=maybe_recompile pc=0x0000026c87d1d3e0 method=java.net.URLClassLoader.defineClass(Ljava/lang/String;Ljdk/internal/loader/Resource;)Ljava/lang/Class; @ 34 c2
Event: 6.864 Thread 0x0000026c9463c220 DEOPT PACKING pc=0x0000026c87d1d3e0 sp=0x0000009cf94f8470
Event: 6.864 Thread 0x0000026c9463c220 DEOPT UNPACKING pc=0x0000026c875843a2 sp=0x0000009cf94f8390 mode 2
Event: 6.865 Thread 0x0000026c9463c220 Uncommon trap: trap_request=0xffffffde fr.pc=0x0000026c87d3de00 relative=0x0000000000005800
Event: 6.865 Thread 0x0000026c9463c220 Uncommon trap: reason=class_check action=maybe_recompile pc=0x0000026c87d3de00 method=java.net.URLClassLoader.defineClass(Ljava/lang/String;Ljdk/internal/loader/Resource;)Ljava/lang/Class; @ 34 c2
Event: 6.865 Thread 0x0000026c9463c220 DEOPT PACKING pc=0x0000026c87d3de00 sp=0x0000009cf94f83c0
Event: 6.865 Thread 0x0000026c9463c220 DEOPT UNPACKING pc=0x0000026c875843a2 sp=0x0000009cf94f8388 mode 2

Classes loaded (20 events):
Event: 6.827 Loading class java/io/ObjectStreamClass$1
Event: 6.827 Loading class java/io/ObjectStreamClass$1 done
Event: 6.827 Loading class java/io/ObjectStreamClass$MemberSignature
Event: 6.827 Loading class java/io/ObjectStreamClass$MemberSignature done
Event: 6.827 Loading class java/io/ObjectStreamClass$3
Event: 6.827 Loading class java/io/ObjectStreamClass$3 done
Event: 6.828 Loading class java/io/ObjectStreamClass$4
Event: 6.828 Loading class java/io/ObjectStreamClass$4 done
Event: 6.828 Loading class java/io/ObjectStreamClass$5
Event: 6.828 Loading class java/io/ObjectStreamClass$5 done
Event: 6.828 Loading class java/io/ObjectStreamClass$ClassDataSlot
Event: 6.828 Loading class java/io/ObjectStreamClass$ClassDataSlot done
Event: 6.830 Loading class java/io/SerialCallbackContext
Event: 6.830 Loading class java/io/SerialCallbackContext done
Event: 6.855 Loading class java/lang/invoke/SerializedLambda$1
Event: 6.855 Loading class java/lang/invoke/SerializedLambda$1 done
Event: 6.929 Loading class java/util/DualPivotQuicksort
Event: 6.929 Loading class java/util/DualPivotQuicksort done
Event: 6.952 Loading class java/util/function/LongUnaryOperator
Event: 6.952 Loading class java/util/function/LongUnaryOperator done

Classes unloaded (0 events):
No events

Classes redefined (0 events):
No events

Internal exceptions (20 events):
Event: 6.693 Thread 0x0000026c9463c220 Exception <a 'sun/nio/fs/WindowsException'{0x00000000852b5ec0}> (0x00000000852b5ec0) 
thrown [s\src\hotspot\share\prims\jni.cpp, line 537]
Event: 6.809 Thread 0x0000026c9463c220 Exception <a 'java/lang/NoSuchMethodError'{0x00000000847b5680}: 'void java.lang.invoke.DelegatingMethodHandle$Holder.reinvoke_L(java.lang.Object, java.lang.Object, int)'> (0x00000000847b5680) 
thrown [s\src\hotspot\share\interpreter\linkResolver.cpp, line 784]
Event: 6.809 Thread 0x0000026c9463c220 Exception <a 'java/lang/NoSuchMethodError'{0x00000000847bc9e8}: 'int java.lang.invoke.Invokers$Holder.invokeExact_MT(java.lang.Object, java.lang.Object, java.lang.Object)'> (0x00000000847bc9e8) 
thrown [s\src\hotspot\share\interpreter\linkResolver.cpp, line 784]
Event: 6.810 Thread 0x0000026c9463c220 Exception <a 'java/lang/NoSuchMethodError'{0x00000000847dcfb8}: 'void java.lang.invoke.DelegatingMethodHandle$Holder.reinvoke_L(java.lang.Object, java.lang.Object, long)'> (0x00000000847dcfb8) 
thrown [s\src\hotspot\share\interpreter\linkResolver.cpp, line 784]
Event: 6.810 Thread 0x0000026c9463c220 Exception <a 'java/lang/NoSuchMethodError'{0x00000000847e4538}: 'long java.lang.invoke.Invokers$Holder.invokeExact_MT(java.lang.Object, java.lang.Object, java.lang.Object)'> (0x00000000847e4538) 
thrown [s\src\hotspot\share\interpreter\linkResolver.cpp, line 784]
Event: 6.827 Thread 0x0000026c9463cf40 Exception <a 'java/lang/NoSuchMethodError'{0x000000008459fa70}: static Lorg/gradle/internal/build/event/types/DefaultOperationStartedProgressEvent;.<clinit>()V> (0x000000008459fa70) 
thrown [s\src\hotspot\share\prims\jni.cpp, line 1144]
Event: 6.828 Thread 0x0000026c9463cf40 Exception <a 'java/lang/NoSuchMethodError'{0x00000000845a29d0}: static Lorg/gradle/internal/build/event/types/AbstractProgressEvent;.<clinit>()V> (0x00000000845a29d0) 
thrown [s\src\hotspot\share\prims\jni.cpp, line 1144]
Event: 6.828 Thread 0x0000026c9463cf40 Exception <a 'java/lang/NoSuchMethodError'{0x00000000845b59d8}: static Lorg/gradle/internal/build/event/types/DefaultProjectConfigurationDescriptor;.<clinit>()V> (0x00000000845b59d8) 
thrown [s\src\hotspot\share\prims\jni.cpp, line 1144]
Event: 6.829 Thread 0x0000026c9463cf40 Exception <a 'java/lang/NoSuchMethodError'{0x00000000845b8400}: static Lorg/gradle/internal/build/event/types/DefaultOperationDescriptor;.<clinit>()V> (0x00000000845b8400) 
thrown [s\src\hotspot\share\prims\jni.cpp, line 1144]
Event: 6.829 Thread 0x0000026c9463cf40 Exception <a 'java/lang/NoSuchMethodError'{0x00000000845bc1e8}: 'long java.lang.invoke.DirectMethodHandle$Holder.invokeSpecial(java.lang.Object, java.lang.Object)'> (0x00000000845bc1e8) 
thrown [s\src\hotspot\share\interpreter\linkResolver.cpp, line 784]
Event: 6.829 Thread 0x0000026c9463cf40 Exception <a 'java/lang/NoSuchMethodError'{0x00000000845bf840}: 'long java.lang.invoke.Invokers$Holder.invokeExact_MT(java.lang.Object, java.lang.Object)'> (0x00000000845bf840) 
thrown [s\src\hotspot\share\interpreter\linkResolver.cpp, line 784]
Event: 6.830 Thread 0x0000026c9463cf40 Exception <a 'java/lang/NoSuchMethodError'{0x00000000845d8820}: static Lorg/gradle/internal/operations/OperationIdentifier;.<clinit>()V> (0x00000000845d8820) 
thrown [s\src\hotspot\share\prims\jni.cpp, line 1144]
Event: 6.848 Thread 0x0000026c9463c220 Exception <a 'java/lang/NoSuchMethodError'{0x0000000084333d60}: 'void java.lang.invoke.Invokers$Holder.invokeExact_MT(java.lang.Object, java.lang.Object, java.lang.Object, java.lang.Object)'> (0x0000000084333d60) 
thrown [s\src\hotspot\share\interpreter\linkResolver.cpp, line 784]
Event: 6.851 Thread 0x0000026c9463c220 Exception <a 'java/lang/ClassNotFoundException'{0x0000000084370ea8}: org/gradle/internal/serialize/codecs/core/ClosureCodec$BrokenScriptBeanInfo> (0x0000000084370ea8) 
thrown [s\src\hotspot\share\classfile\systemDictionary.cpp, line 312]
Event: 6.851 Thread 0x0000026c9463c220 Exception <a 'java/lang/ClassNotFoundException'{0x000000008437f9d0}: org/gradle/internal/serialize/codecs/core/ClosureCodec$BrokenScriptCustomizer> (0x000000008437f9d0) 
thrown [s\src\hotspot\share\classfile\systemDictionary.cpp, line 312]
Event: 6.852 Thread 0x0000026c9463c220 Exception <a 'java/lang/ClassNotFoundException'{0x0000000084399f00}: org/gradle/api/invocation/GradleBeanInfo> (0x0000000084399f00) 
thrown [s\src\hotspot\share\classfile\systemDictionary.cpp, line 312]
Event: 6.852 Thread 0x0000026c9463c220 Exception <a 'java/lang/ClassNotFoundException'{0x00000000843a5f10}: org/gradle/api/invocation/GradleCustomizer> (0x00000000843a5f10) 
thrown [s\src\hotspot\share\classfile\systemDictionary.cpp, line 312]
Event: 6.853 Thread 0x0000026c9463c220 Exception <a 'java/lang/NoSuchMethodError'{0x00000000843c8a10}: 'void java.lang.invoke.Invokers$Holder.invokeExact_MT(java.lang.Object, java.lang.Object, int, java.lang.Object)'> (0x00000000843c8a10) 
thrown [s\src\hotspot\share\interpreter\linkResolver.cpp, line 784]
Event: 6.856 Thread 0x0000026c9463c220 Exception <a 'java/lang/NoSuchMethodError'{0x00000000843fa2a8}: 'void java.lang.invoke.Invokers$Holder.invokeExact_MT(java.lang.Object, java.lang.Object, long, java.lang.Object)'> (0x00000000843fa2a8) 
thrown [s\src\hotspot\share\interpreter\linkResolver.cpp, line 784]
Event: 6.952 Thread 0x0000026c9463c220 Exception <a 'java/lang/NoSuchMethodError'{0x0000000083b82c08}: 'long java.lang.invoke.DirectMethodHandle$Holder.invokeStatic(java.lang.Object, long)'> (0x0000000083b82c08) 
thrown [s\src\hotspot\share\interpreter\linkResolver.cpp, line 784]

ZGC Phase Switch (0 events):
No events

VM Operations (20 events):
Event: 6.129 Executing VM operation: CollectForMetadataAllocation (Metadata GC Threshold)
Event: 6.139 Executing VM operation: CollectForMetadataAllocation (Metadata GC Threshold) done
Event: 6.152 Executing VM operation: G1PauseRemark
Event: 6.157 Executing VM operation: G1PauseRemark done
Event: 6.166 Executing VM operation: G1PauseCleanup
Event: 6.167 Executing VM operation: G1PauseCleanup done
Event: 6.557 Executing VM operation: G1CollectForAllocation (G1 Evacuation Pause)
Event: 6.565 Executing VM operation: G1CollectForAllocation (G1 Evacuation Pause) done
Event: 6.619 Executing VM operation: HandshakeAllThreads (Deoptimize)
Event: 6.620 Executing VM operation: HandshakeAllThreads (Deoptimize) done
Event: 6.670 Executing VM operation: HandshakeAllThreads (Deoptimize)
Event: 6.670 Executing VM operation: HandshakeAllThreads (Deoptimize) done
Event: 6.761 Executing VM operation: HandshakeAllThreads (Deoptimize)
Event: 6.761 Executing VM operation: HandshakeAllThreads (Deoptimize) done
Event: 6.820 Executing VM operation: HandshakeAllThreads (Deoptimize)
Event: 6.820 Executing VM operation: HandshakeAllThreads (Deoptimize) done
Event: 6.827 Executing VM operation: HandshakeAllThreads (Deoptimize)
Event: 6.827 Executing VM operation: HandshakeAllThreads (Deoptimize) done
Event: 6.836 Executing VM operation: ICBufferFull
Event: 6.836 Executing VM operation: ICBufferFull done

Memory protections (0 events):
No events

Nmethod flushes (20 events):
Event: 6.156 Thread 0x0000026cfb1be7c0 flushing  nmethod 0x0000026c80415f90
Event: 6.156 Thread 0x0000026cfb1be7c0 flushing  nmethod 0x0000026c80419610
Event: 6.156 Thread 0x0000026cfb1be7c0 flushing  nmethod 0x0000026c804ba810
Event: 6.156 Thread 0x0000026cfb1be7c0 flushing  nmethod 0x0000026c87ba0690
Event: 6.156 Thread 0x0000026cfb1be7c0 flushing  nmethod 0x0000026c87bf8510
Event: 6.156 Thread 0x0000026cfb1be7c0 flushing  nmethod 0x0000026c87c52290
Event: 6.156 Thread 0x0000026cfb1be7c0 flushing  nmethod 0x0000026c87c5fd10
Event: 6.156 Thread 0x0000026cfb1be7c0 flushing  nmethod 0x0000026c8003ea90
Event: 6.156 Thread 0x0000026cfb1be7c0 flushing  nmethod 0x0000026c800fdf10
Event: 6.156 Thread 0x0000026cfb1be7c0 flushing  nmethod 0x0000026c80132090
Event: 6.156 Thread 0x0000026cfb1be7c0 flushing  nmethod 0x0000026c80132890
Event: 6.156 Thread 0x0000026cfb1be7c0 flushing  nmethod 0x0000026c80132c90
Event: 6.156 Thread 0x0000026cfb1be7c0 flushing  nmethod 0x0000026c80133990
Event: 6.156 Thread 0x0000026cfb1be7c0 flushing  nmethod 0x0000026c8020e690
Event: 6.156 Thread 0x0000026cfb1be7c0 flushing  nmethod 0x0000026c80211410
Event: 6.156 Thread 0x0000026cfb1be7c0 flushing  nmethod 0x0000026c80213f10
Event: 6.156 Thread 0x0000026cfb1be7c0 flushing  nmethod 0x0000026c80297d90
Event: 6.156 Thread 0x0000026cfb1be7c0 flushing  nmethod 0x0000026c8029a910
Event: 6.156 Thread 0x0000026cfb1be7c0 flushing  nmethod 0x0000026c8047e510
Event: 6.156 Thread 0x0000026cfb1be7c0 flushing  nmethod 0x0000026c8047f890

Events (20 events):
Event: 5.570 Thread 0x0000026c9463c220 Thread added: 0x0000026c98e8dbd0
Event: 5.570 Thread 0x0000026c9463c220 Thread added: 0x0000026c98e8e260
Event: 5.571 Thread 0x0000026c9463c220 Thread added: 0x0000026c98e909c0
Event: 5.572 Thread 0x0000026c9463c220 Thread added: 0x0000026c98e8fca0
Event: 5.692 Thread 0x0000026c9463c220 Thread added: 0x0000026c98e8ef80
Event: 5.763 Thread 0x0000026c9463c220 Thread added: 0x0000026c98e90330
Event: 5.800 Thread 0x0000026c9463c220 Thread added: 0x0000026c95290df0
Event: 5.801 Thread 0x0000026c9463c220 Thread added: 0x0000026c95291480
Event: 5.811 Thread 0x0000026c9463c220 Thread added: 0x0000026c9528ed20
Event: 5.811 Thread 0x0000026c9463c220 Thread added: 0x0000026c9528e690
Event: 5.812 Thread 0x0000026c9463c220 Thread added: 0x0000026c9528e000
Event: 5.812 Thread 0x0000026c9463c220 Thread added: 0x0000026c9528f3b0
Event: 5.813 Thread 0x0000026c9463c220 Thread added: 0x0000026c952900d0
Event: 5.813 Thread 0x0000026c9463c220 Thread added: 0x0000026c95291b10
Event: 5.814 Thread 0x0000026c9463c220 Thread added: 0x0000026c952921a0
Event: 5.815 Thread 0x0000026c9463c220 Thread added: 0x0000026c95292830
Event: 5.841 Thread 0x0000026c9463c220 Thread added: 0x0000026c95292ec0
Event: 5.861 Thread 0x0000026c9463c220 Thread added: 0x0000026c9528fa40
Event: 5.874 Thread 0x0000026c9463c220 Thread added: 0x0000026c95293550
Event: 6.332 Thread 0x0000026c93de4320 Thread exited: 0x0000026c93de4320


Dynamic libraries:
0x00007ff6826a0000 - 0x00007ff6826aa000 	C:\Program Files\Android\Android Studio\jbr\bin\java.exe
0x00007ffbea820000 - 0x00007ffbeaa87000 	C:\WINDOWS\SYSTEM32\ntdll.dll
0x00007ffbe9a80000 - 0x00007ffbe9b49000 	C:\WINDOWS\System32\KERNEL32.DLL
0x00007ffbe8100000 - 0x00007ffbe84f1000 	C:\WINDOWS\System32\KERNELBASE.dll
0x00007ffbe7fb0000 - 0x00007ffbe80fb000 	C:\WINDOWS\System32\ucrtbase.dll
0x00007ffbd30a0000 - 0x00007ffbd30bb000 	C:\Program Files\Android\Android Studio\jbr\bin\VCRUNTIME140.dll
0x00007ffbb7c40000 - 0x00007ffbb7c58000 	C:\Program Files\Android\Android Studio\jbr\bin\jli.dll
0x00007ffbea610000 - 0x00007ffbea7d5000 	C:\WINDOWS\System32\USER32.dll
0x00007ffbe7240000 - 0x00007ffbe7267000 	C:\WINDOWS\System32\win32u.dll
0x00007ffbe8d40000 - 0x00007ffbe8d6b000 	C:\WINDOWS\System32\GDI32.dll
0x00007ffbe7270000 - 0x00007ffbe739b000 	C:\WINDOWS\System32\gdi32full.dll
0x00007ffbe73a0000 - 0x00007ffbe7443000 	C:\WINDOWS\System32\msvcp_win.dll
0x00007ffbd1320000 - 0x00007ffbd15b3000 	C:\WINDOWS\WinSxS\amd64_microsoft.windows.common-controls_6595b64144ccf1df_6.0.26100.8037_none_3e092faae333b53b\COMCTL32.dll
0x00007ffbe85c0000 - 0x00007ffbe8669000 	C:\WINDOWS\System32\msvcrt.dll
0x00007ffbe9740000 - 0x00007ffbe9771000 	C:\WINDOWS\System32\IMM32.DLL
0x0000000065060000 - 0x000000006506d000 	C:\Program Files (x86)\360\Total Security\safemon\SafeWrapper.dll
0x00007ffbe9680000 - 0x00007ffbe973b000 	C:\WINDOWS\System32\ADVAPI32.dll
0x00007ffbe99d0000 - 0x00007ffbe9a77000 	C:\WINDOWS\System32\sechost.dll
0x00007ffbe9fa0000 - 0x00007ffbea0b8000 	C:\WINDOWS\System32\RPCRT4.dll
0x00007ffbde140000 - 0x00007ffbde245000 	C:\Program Files (x86)\360\Total Security\safemon\libzdtp64.dll
0x00007ffbe8d80000 - 0x00007ffbe94df000 	C:\WINDOWS\System32\SHELL32.dll
0x00007ffbe7e40000 - 0x00007ffbe7faa000 	C:\WINDOWS\System32\wintypes.dll
0x00007ffbe8670000 - 0x00007ffbe89f2000 	C:\WINDOWS\System32\combase.dll
0x00007ffbe8ab0000 - 0x00007ffbe8b17000 	C:\WINDOWS\System32\SHLWAPI.dll
0x00007ffbe7450000 - 0x00007ffbe7cb4000 	C:\WINDOWS\System32\Windows.Storage.dll
0x00007ffbe69e0000 - 0x00007ffbe69eb000 	C:\WINDOWS\SYSTEM32\VERSION.dll
0x00007ffbe3fb0000 - 0x00007ffbe3fbc000 	C:\Program Files\Android\Android Studio\jbr\bin\vcruntime140_1.dll
0x00007ffb7c210000 - 0x00007ffb7c29d000 	C:\Program Files\Android\Android Studio\jbr\bin\msvcp140.dll
0x00007ffb6a6d0000 - 0x00007ffb6b366000 	C:\Program Files\Android\Android Studio\jbr\bin\server\jvm.dll
0x00007ffbe94f0000 - 0x00007ffbe9564000 	C:\WINDOWS\System32\WS2_32.dll
0x00007ffbe6f80000 - 0x00007ffbe6fde000 	C:\WINDOWS\SYSTEM32\POWRPROF.dll
0x00007ffbda7b0000 - 0x00007ffbda7e5000 	C:\WINDOWS\SYSTEM32\WINMM.dll
0x00007ffbe6f60000 - 0x00007ffbe6f74000 	C:\WINDOWS\SYSTEM32\UMPDC.dll
0x00007ffbe5e20000 - 0x00007ffbe5e3b000 	C:\WINDOWS\SYSTEM32\kernel.appcore.dll
0x00007ffbe1cc0000 - 0x00007ffbe1cca000 	C:\Program Files\Android\Android Studio\jbr\bin\jimage.dll
0x00007ffbe4ed0000 - 0x00007ffbe5112000 	C:\WINDOWS\SYSTEM32\DBGHELP.DLL
0x00007ffbe8c60000 - 0x00007ffbe8d37000 	C:\WINDOWS\System32\OLEAUT32.dll
0x00007ffbbe0c0000 - 0x00007ffbbe0fb000 	C:\WINDOWS\SYSTEM32\dbgcore.DLL
0x00007ffbe7190000 - 0x00007ffbe7235000 	C:\WINDOWS\System32\bcryptPrimitives.dll
0x00007ffbd0220000 - 0x00007ffbd022e000 	C:\Program Files\Android\Android Studio\jbr\bin\instrument.dll
0x00007ffbd1f20000 - 0x00007ffbd1f40000 	C:\Program Files\Android\Android Studio\jbr\bin\java.dll
0x00007ffbd1920000 - 0x00007ffbd1938000 	C:\Program Files\Android\Android Studio\jbr\bin\zip.dll
0x00007ffbe8b40000 - 0x00007ffbe8c37000 	C:\WINDOWS\System32\SHCORE.dll
0x00007ffbe6ff0000 - 0x00007ffbe7019000 	C:\WINDOWS\SYSTEM32\profapi.dll
0x00007ffbdd870000 - 0x00007ffbdd880000 	C:\Program Files\Android\Android Studio\jbr\bin\net.dll
0x00007ffbde410000 - 0x00007ffbde537000 	C:\WINDOWS\SYSTEM32\WINHTTP.dll
0x00007ffbe6390000 - 0x00007ffbe63fb000 	C:\WINDOWS\system32\mswsock.dll
0x00007ffbd16d0000 - 0x00007ffbd16e6000 	C:\Program Files\Android\Android Studio\jbr\bin\nio.dll
0x00007ffbd3100000 - 0x00007ffbd3110000 	C:\Program Files\Android\Android Studio\jbr\bin\verify.dll
0x00007ffbaa3a0000 - 0x00007ffbaa3c7000 	C:\Users\User\.gradle\native\1def1411415f61bf3af743bc5b6707747c0891f09f0c88961ee8f79bc544acac\windows-amd64\native-platform.dll
0x00007ffb7b180000 - 0x00007ffb7b1f8000 	C:\Users\User\.gradle\native\0.2.7\x86_64-windows-gnu\gradle-fileevents.dll
0x00007ffbda500000 - 0x00007ffbda509000 	C:\Program Files\Android\Android Studio\jbr\bin\management.dll
0x00007ffbda4e0000 - 0x00007ffbda4eb000 	C:\Program Files\Android\Android Studio\jbr\bin\management_ext.dll
0x00007ffbe8d70000 - 0x00007ffbe8d78000 	C:\WINDOWS\System32\PSAPI.DLL
0x00007ffbe57a0000 - 0x00007ffbe57d3000 	C:\WINDOWS\SYSTEM32\IPHLPAPI.DLL
0x00007ffbe9f90000 - 0x00007ffbe9f9a000 	C:\WINDOWS\System32\NSI.dll
0x00007ffbdd6a0000 - 0x00007ffbdd6a9000 	C:\Program Files\Android\Android Studio\jbr\bin\extnet.dll
0x00007ffbe6670000 - 0x00007ffbe668b000 	C:\WINDOWS\SYSTEM32\CRYPTSP.dll
0x00007ffbe5d80000 - 0x00007ffbe5db9000 	C:\WINDOWS\system32\rsaenh.dll
0x00007ffbe6440000 - 0x00007ffbe6472000 	C:\WINDOWS\SYSTEM32\USERENV.dll
0x00007ffbe7020000 - 0x00007ffbe704a000 	C:\WINDOWS\SYSTEM32\bcrypt.dll
0x00007ffbe6690000 - 0x00007ffbe669c000 	C:\WINDOWS\SYSTEM32\CRYPTBASE.dll
0x00007ffbcdcf0000 - 0x00007ffbcdcf8000 	C:\WINDOWS\system32\wshunix.dll

JVMTI agents:
C:\Users\User\.gradle\wrapper\dists\gradle-8.13-bin\5xuhj0ry160q40clulazy9h7d\gradle-8.13\lib\agents\gradle-instrumentation-agent-8.13.jar path:C:\Program Files\Android\Android Studio\jbr\bin\instrument.dll, loaded, initialized, instrumentlib options:none

dbghelp: loaded successfully - version: 4.0.5 - missing functions: none
symbol engine: initialized successfully - sym options: 0x614 - pdb path: .;C:\Program Files\Android\Android Studio\jbr\bin;C:\WINDOWS\SYSTEM32;C:\WINDOWS\WinSxS\amd64_microsoft.windows.common-controls_6595b64144ccf1df_6.0.26100.8037_none_3e092faae333b53b;C:\Program Files (x86)\360\Total Security\safemon;C:\Program Files\Android\Android Studio\jbr\bin\server;C:\Users\User\.gradle\native\1def1411415f61bf3af743bc5b6707747c0891f09f0c88961ee8f79bc544acac\windows-amd64;C:\Users\User\.gradle\native\0.2.7\x86_64-windows-gnu

VM Arguments:
jvm_args: --add-opens=java.base/java.lang=ALL-UNNAMED --add-opens=java.base/java.lang.invoke=ALL-UNNAMED --add-opens=java.base/java.util=ALL-UNNAMED --add-opens=java.prefs/java.util.prefs=ALL-UNNAMED --add-exports=jdk.compiler/com.sun.tools.javac.api=ALL-UNNAMED --add-exports=jdk.compiler/com.sun.tools.javac.util=ALL-UNNAMED --add-opens=java.base/java.util=ALL-UNNAMED --add-opens=java.prefs/java.util.prefs=ALL-UNNAMED --add-opens=java.base/java.nio.charset=ALL-UNNAMED --add-opens=java.base/java.net=ALL-UNNAMED --add-opens=java.base/java.util.concurrent.atomic=ALL-UNNAMED --add-opens=java.xml/javax.xml.namespace=ALL-UNNAMED -Xmx2048m -Dfile.encoding=UTF-8 -Duser.country=RU -Duser.language=ru -Duser.variant -javaagent:C:\Users\User\.gradle\wrapper\dists\gradle-8.13-bin\5xuhj0ry160q40clulazy9h7d\gradle-8.13\lib\agents\gradle-instrumentation-agent-8.13.jar 
java_command: org.gradle.launcher.daemon.bootstrap.GradleDaemon 8.13
java_class_path (initial): C:\Users\User\.gradle\wrapper\dists\gradle-8.13-bin\5xuhj0ry160q40clulazy9h7d\gradle-8.13\lib\gradle-daemon-main-8.13.jar
Launcher Type: SUN_STANDARD

[Global flags]
     intx CICompilerCount                          = 4                                         {product} {ergonomic}
     uint ConcGCThreads                            = 3                                         {product} {ergonomic}
     uint G1ConcRefinementThreads                  = 10                                        {product} {ergonomic}
   size_t G1HeapRegionSize                         = 1048576                                   {product} {ergonomic}
    uintx GCDrainStackTargetSize                   = 64                                        {product} {ergonomic}
   size_t InitialHeapSize                          = 197132288                                 {product} {ergonomic}
   size_t MarkStackSize                            = 4194304                                   {product} {ergonomic}
   size_t MaxHeapSize                              = 2147483648                                {product} {command line}
   size_t MaxNewSize                               = 1287651328                                {product} {ergonomic}
   size_t MinHeapDeltaBytes                        = 1048576                                   {product} {ergonomic}
   size_t MinHeapSize                              = 8388608                                   {product} {ergonomic}
    uintx NonNMethodCodeHeapSize                   = 5839372                                {pd product} {ergonomic}
    uintx NonProfiledCodeHeapSize                  = 122909434                              {pd product} {ergonomic}
    uintx ProfiledCodeHeapSize                     = 122909434                              {pd product} {ergonomic}
    uintx ReservedCodeCacheSize                    = 251658240                              {pd product} {ergonomic}
     bool SegmentedCodeCache                       = true                                      {product} {ergonomic}
   size_t SoftMaxHeapSize                          = 2147483648                             {manageable} {ergonomic}
     bool UseCompressedOops                        = true                           {product lp64_product} {ergonomic}
     bool UseG1GC                                  = true                                      {product} {ergonomic}
     bool UseLargePagesIndividualAllocation        = false                                  {pd product} {ergonomic}

Logging:
Log output configuration:
 #0: stdout all=warning uptime,level,tags foldmultilines=false
 #1: stderr all=off uptime,level,tags foldmultilines=false

Release file:
JAVA_VERSION="21.0.9" 
MODULES="java.base java.compiler java.datatransfer java.xml java.prefs java.desktop java.instrument java.logging java.management java.security.sasl java.naming java.rmi java.management.rmi java.net.http java.scripting java.security.jgss java.transaction.xa java.sql java.sql.rowset java.xml.crypto java.se java.smartcardio jdk.accessibility jdk.internal.jvmstat jdk.attach jdk.charsets jdk.internal.opt jdk.zipfs jdk.compiler jdk.crypto.ec jdk.crypto.cryptoki jdk.dynalink jdk.hotspot.agent jdk.httpserver jdk.internal.ed jdk.internal.le jdk.internal.vm.ci jdk.jartool jdk.javadoc jdk.jcmd jdk.jdeps jdk.jdwp.agent jdk.jdi jdk.jfr jdk.jlink jdk.jsobject jdk.localedata jdk.management jdk.management.agent jdk.management.jfr jdk.naming.dns jdk.naming.rmi jdk.net jdk.sctp jdk.security.auth jdk.security.jgss jdk.unsupported jdk.unsupported.desktop jdk.xml.dom" 
IMPLEMENTOR="JetBrains s.r.o." 
JAVA_RUNTIME_VERSION="21.0.9+-14787801-b1163.94" 
LIBC="default" 
OS_ARCH="x86_64" 
OS_NAME="Windows" 
SOURCE=".:git:0c757ddc9f2f" 

Environment Variables:
PATH=C:\Program Files\Common Files\Oracle\Java\javapath;C:\Program Files (x86)\Common Files\Oracle\Java\javapath;C:\WINDOWS\system32;C:\WINDOWS;C:\WINDOWS\System32\Wbem;C:\WINDOWS\System32\WindowsPowerShell\v1.0\;C:\WINDOWS\System32\OpenSSH\;C:\JupyterLab;C:\Program Files\nodejs\;C:\Program Files\dotnet\;C:\Program Files\Git\cmd;C:\Users\User\AppData\Local\Programs\Python\Python313\Scripts\;C:\Users\User\AppData\Local\Programs\Python\Python313\;C:\Users\User\AppData\Local\Programs\Python\Launcher\;C:\Users\User\AppData\Local\Microsoft\WindowsApps;C:\Users\User\AppData\Local\Programs\Microsoft VS Code\bin;C:\Program Files\JetBrains\PyCharm 2025.2.3\bin;C:\Users\User\AppData\Local\Programs\MiKTeX\miktex\bin\x64\;C:\Program Files\JetBrains\WebStorm 2025.1.3\bin;;C:\Users\User\AppData\Roaming\npm;C:\Program Files\JetBrains\IntelliJ IDEA Community Edition 2025.2.1\bin;C:\Users\User\.lmstudio\bin;C:\Users\User\AppData\Local\Programs\cursor\resources\app\bin
USERNAME=User
OS=Windows_NT
PROCESSOR_IDENTIFIER=Intel64 Family 6 Model 186 Stepping 3, GenuineIntel
TMP=C:\Users\User\AppData\Local\Temp
TEMP=C:\Users\User\AppData\Local\Temp




Periodic native trim disabled

JNI global refs:
JNI global refs: 32, weak refs: 0

JNI global refs memory usage: 835, weak refs: 833

Process memory usage:
Resident Set Size: 322504K (2% of 12199064K total physical memory with 897768K free physical memory)

OOME stack traces (most recent first):
Classloader memory used:
Loader org.gradle.internal.classloader.VisitableURLClassLoader                         : 36288K
Loader bootstrap                                                                       : 23203K
Loader org.gradle.initialization.MixInLegacyTypesClassLoader                           : 9012K
Loader jdk.internal.loader.ClassLoaders$PlatformClassLoader                            : 533K
Loader jdk.internal.loader.ClassLoaders$AppClassLoader                                 : 234K
Loader org.gradle.groovy.scripts.internal.DefaultScriptCompilationHandler$ScriptClassLoader: 100720B
Loader org.gradle.internal.classloader.VisitableURLClassLoader                         : 87104B
Loader jdk.internal.reflect.DelegatingClassLoader                                      : 69160B
Loader org.gradle.internal.classloader.VisitableURLClassLoader$InstrumentingVisitableURLClassLoader: 18560B
Loader org.codehaus.groovy.runtime.callsite.CallSiteClassLoader                        : 10160B

Classes loaded by more than one classloader:
Class org.gradle.internal.classloader.FilteringClassLoader                            : loaded 2 times (x 105B)
Class org.gradle.internal.classloader.ClassLoaderHierarchy                            : loaded 2 times (x 70B)
Class org.gradle.api.internal.classpath.ManifestUtil                                  : loaded 2 times (x 71B)
Class org.gradle.internal.classloader.DefaultClassLoaderFactory                       : loaded 2 times (x 82B)
Class org.gradle.internal.classloader.ClassLoaderVisitor                              : loaded 2 times (x 76B)
Class org.gradle.api.internal.classpath.EffectiveClassPath                            : loaded 2 times (x 90B)
Class org.gradle.api.internal.DefaultClassPathProvider                                : loaded 2 times (x 76B)
Class [Lorg.gradle.api.internal.ClassPathProvider;                                    : loaded 2 times (x 69B)
Class org.gradle.api.internal.ClassPathProvider                                       : loaded 2 times (x 70B)
Class org.gradle.internal.service.UnknownServiceException                             : loaded 2 times (x 83B)
Class org.gradle.internal.classpath.TransformedClassPath                              : loaded 2 times (x 96B)
Class org.gradle.internal.classloader.InstrumentingClassLoader                        : loaded 2 times (x 70B)
Class org.gradle.internal.service.ServiceLocator                                      : loaded 2 times (x 70B)
Class org.gradle.internal.InternalTransformer                                         : loaded 2 times (x 70B)
Class org.gradle.internal.classloader.ClasspathUtil$1                                 : loaded 2 times (x 76B)
Class org.gradle.api.internal.classpath.DefaultModuleRegistry$DefaultModule           : loaded 2 times (x 86B)
Class org.gradle.api.internal.classpath.Module                                        : loaded 2 times (x 70B)
Class org.gradle.api.internal.classpath.UnknownModuleException                        : loaded 2 times (x 82B)
Class org.gradle.api.internal.DefaultClassPathRegistry                                : loaded 2 times (x 76B)
Class org.gradle.api.internal.ClassPathRegistry                                       : loaded 2 times (x 70B)
Class org.gradle.internal.classpath.DefaultClassPath$ImmutableUniqueList              : loaded 2 times (x 199B)
Class Settings_gradle$1                                                               : loaded 2 times (x 74B)
Class Program                                                                         : loaded 2 times (x 72B)
Class org.gradle.internal.classpath.ClassPath                                         : loaded 2 times (x 70B)
Class org.gradle.api.UncheckedIOException                                             : loaded 2 times (x 82B)
Class ijKotlinCoroutineJvmDebugInit1_dofq3drr9aihm4earzh7ldbbw                        : loaded 2 times (x 179B)
Class org.gradle.internal.installation.GradleInstallation$1                           : loaded 2 times (x 75B)
Class org.gradle.api.internal.classpath.ModuleRegistry                                : loaded 2 times (x 70B)
Class org.gradle.api.internal.classpath.DefaultModuleRegistry                         : loaded 2 times (x 86B)
Class org.gradle.internal.service.ServiceLookupException                              : loaded 2 times (x 82B)
Class org.gradle.internal.classloader.ClassLoaderFactory                              : loaded 2 times (x 70B)
Class org.gradle.internal.service.CachingServiceLocator                               : loaded 2 times (x 82B)
Class org.gradle.internal.classloader.ClasspathUtil                                   : loaded 2 times (x 71B)
Class org.gradle.api.specs.Spec                                                       : loaded 2 times (x 70B)
Class org.gradle.internal.classloader.VisitableURLClassLoader$InstrumentingVisitableURLClassLoader: loaded 2 times (x 123B)
Class org.gradle.internal.classloader.VisitableURLClassLoader$Spec                    : loaded 2 times (x 74B)
Class org.gradle.internal.classpath.DefaultClassPath                                  : loaded 2 times (x 90B)
Class org.gradle.internal.classloader.ClassLoaderSpec                                 : loaded 2 times (x 71B)
Class Settings_gradle$1$1                                                             : loaded 2 times (x 74B)
Class ijKotlinCoroutineJvmDebugInit1_dofq3drr9aihm4earzh7ldbbw$_run_closure1          : loaded 2 times (x 139B)
Class org.gradle.internal.classloader.VisitableURLClassLoader                         : loaded 2 times (x 117B)
Class Settings_gradle                                                                 : loaded 2 times (x 128B)
Class org.gradle.internal.Cast                                                        : loaded 2 times (x 71B)
Class org.gradle.api.Action                                                           : loaded 2 times (x 70B)
Class org.gradle.internal.classpath.DefaultClassPath$ImmutableUniqueList$Builder      : loaded 2 times (x 75B)
Class org.gradle.api.GradleException                                                  : loaded 2 times (x 82B)
Class org.gradle.internal.IoActions                                                   : loaded 2 times (x 71B)
Class ijJvmDebugger1_9x3erf11sbp6hr81ma3cxq5r2                                        : loaded 2 times (x 179B)
Class org.gradle.internal.classloader.SystemClassLoaderSpec                           : loaded 2 times (x 71B)
Class ijJvmDebugger1_9x3erf11sbp6hr81ma3cxq5r2$_run_closure1                          : loaded 2 times (x 139B)
Class org.gradle.api.internal.classpath.GlobalCacheRootsProvider                      : loaded 2 times (x 70B)
Class org.gradle.internal.installation.CurrentGradleInstallationLocator               : loaded 2 times (x 71B)
Class org.gradle.internal.service.DefaultServiceLocator                               : loaded 2 times (x 83B)
Class org.gradle.internal.installation.CurrentGradleInstallation                      : loaded 2 times (x 73B)
Class org.gradle.util.internal.GUtil                                                  : loaded 2 times (x 71B)
Class org.gradle.internal.installation.GradleInstallation                             : loaded 2 times (x 75B)

---------------  S Y S T E M  ---------------

OS:
 Windows 11 , 64 bit Build 26100 (10.0.26100.7920)
OS uptime: 0 days 7:59 hours

CPU: total 12 (initial active 12) (6 cores per cpu, 2 threads per core) family 6 model 186 stepping 3 microcode 0x410e, cx8, cmov, fxsr, ht, mmx, 3dnowpref, sse, sse2, sse3, ssse3, sse4.1, sse4.2, popcnt, lzcnt, tsc, tscinvbit, avx, avx2, aes, erms, clmul, bmi1, bmi2, adx, sha, fma, vzeroupper, clflush, clflushopt, clwb, serialize, rdtscp, rdpid, fsrm, f16c, pku, cet_ibt, cet_ss
Processor Information for processor 0
  Max Mhz: 1300, Current Mhz: 1300, Mhz Limit: 1300
Processor Information for processor 1
  Max Mhz: 1300, Current Mhz: 1300, Mhz Limit: 1300
Processor Information for processor 2
  Max Mhz: 1300, Current Mhz: 1300, Mhz Limit: 1300
Processor Information for processor 3
  Max Mhz: 1300, Current Mhz: 1300, Mhz Limit: 1300
Processor Information for processor 4
  Max Mhz: 1300, Current Mhz: 900, Mhz Limit: 897
Processor Information for processor 5
  Max Mhz: 1300, Current Mhz: 900, Mhz Limit: 897
Processor Information for processor 6
  Max Mhz: 1300, Current Mhz: 900, Mhz Limit: 897
Processor Information for processor 7
  Max Mhz: 1300, Current Mhz: 900, Mhz Limit: 897
Processor Information for processor 8
  Max Mhz: 1300, Current Mhz: 900, Mhz Limit: 897
Processor Information for processor 9
  Max Mhz: 1300, Current Mhz: 900, Mhz Limit: 897
Processor Information for processor 10
  Max Mhz: 1300, Current Mhz: 900, Mhz Limit: 897
Processor Information for processor 11
  Max Mhz: 1300, Current Mhz: 900, Mhz Limit: 897

Memory: 4k page, system-wide physical 11913M (876M free)
TotalPageFile size 16009M (AvailPageFile size 11M)
current process WorkingSet (physical memory assigned to process): 315M, peak: 315M
current process commit charge ("private bytes"): 354M, peak: 355M

vm_info: OpenJDK 64-Bit Server VM (21.0.9+-14787801-b1163.94) for windows-amd64 JRE (21.0.9+-14787801-b1163.94), built on 2026-01-27T21:15:44Z by "builder" with MS VC++ 16.10 / 16.11 (VS2019)

END.
