#
# There is insufficient memory for the Java Runtime Environment to continue.
# Native memory allocation (malloc) failed to allocate 1399376 bytes. Error detail: Chunk::new
# Possible reasons:
#   The system is out of physical RAM or swap space
#   This process is running with CompressedOops enabled, and the Java Heap may be blocking the growth of the native heap
# Possible solutions:
#   Reduce memory load on the system
#   Increase physical memory or swap space
#   Check if swap backing store is full
#   Decrease Java heap size (-Xmx/-Xms)
#   Decrease number of Java threads
#   Decrease Java thread stack sizes (-Xss)
#   Set larger code cache with -XX:ReservedCodeCacheSize=
#   JVM is running with Unscaled Compressed Oops mode in which the Java heap is
#     placed in the first 4GB address space. The Java Heap base address is the
#     maximum limit for the native heap growth. Please use -XX:HeapBaseMinAddress
#     to set the Java Heap base and to place the Java Heap above 4GB virtual address.
# This output file may be truncated or incomplete.
#
#  Out of Memory Error (arena.cpp:168), pid=23888, tid=17652
#
# JRE version: OpenJDK Runtime Environment (21.0.9) (build 21.0.9+-14787801-b1163.94)
# Java VM: OpenJDK 64-Bit Server VM (21.0.9+-14787801-b1163.94, mixed mode, tiered, compressed oops, compressed class ptrs, g1 gc, windows-amd64)
# No core dump will be written. Minidumps are not enabled by default on client versions of Windows
#

---------------  S U M M A R Y ------------

Command Line: --add-opens=java.base/java.lang=ALL-UNNAMED --add-opens=java.base/java.lang.invoke=ALL-UNNAMED --add-opens=java.base/java.util=ALL-UNNAMED --add-opens=java.prefs/java.util.prefs=ALL-UNNAMED --add-exports=jdk.compiler/com.sun.tools.javac.api=ALL-UNNAMED --add-exports=jdk.compiler/com.sun.tools.javac.util=ALL-UNNAMED --add-opens=java.base/java.util=ALL-UNNAMED --add-opens=java.prefs/java.util.prefs=ALL-UNNAMED --add-opens=java.base/java.nio.charset=ALL-UNNAMED --add-opens=java.base/java.net=ALL-UNNAMED --add-opens=java.base/java.util.concurrent.atomic=ALL-UNNAMED --add-opens=java.xml/javax.xml.namespace=ALL-UNNAMED -Xmx2048m -Dfile.encoding=UTF-8 -Duser.country=RU -Duser.language=ru -Duser.variant -javaagent:C:\Users\User\.gradle\wrapper\dists\gradle-8.13-bin\5xuhj0ry160q40clulazy9h7d\gradle-8.13\lib\agents\gradle-instrumentation-agent-8.13.jar org.gradle.launcher.daemon.bootstrap.GradleDaemon 8.13

Host: 13th Gen Intel(R) Core(TM) i5-1335U, 12 cores, 11G,  Windows 11 , 64 bit Build 26100 (10.0.26100.7920)
Time: Sat Mar 28 17:19:53 2026 elapsed time: 10.730318 seconds (0d 0h 0m 10s)

---------------  T H R E A D  ---------------

Current thread (0x000001613625ed60):  JavaThread "C2 CompilerThread2" daemon [_thread_in_native, id=17652, stack(0x0000005767000000,0x0000005767100000) (1024K)]


Current CompileTask:
C2:10730 5407   !   4       java.net.URLClassLoader$1::run (81 bytes)

Stack: [0x0000005767000000,0x0000005767100000]
Native frames: (J=compiled Java code, j=interpreted, Vv=VM code, C=native code)
V  [jvm.dll+0x6d6c99]
V  [jvm.dll+0x866b83]
V  [jvm.dll+0x8691ae]
V  [jvm.dll+0x869893]
V  [jvm.dll+0x280776]
V  [jvm.dll+0xc07cd]
V  [jvm.dll+0xc0d03]
V  [jvm.dll+0x3b9831]
V  [jvm.dll+0x1dfac4]
V  [jvm.dll+0x2495b4]
V  [jvm.dll+0x248a31]
V  [jvm.dll+0x1c7344]
V  [jvm.dll+0x2581ae]
V  [jvm.dll+0x2566f6]
V  [jvm.dll+0x3f48a6]
V  [jvm.dll+0x80f118]
V  [jvm.dll+0x6d54ed]
C  [ucrtbase.dll+0x37b0]
C  [KERNEL32.DLL+0x2e8d7]
C  [ntdll.dll+0x8c48c]


---------------  P R O C E S S  ---------------

Threads class SMR info:
_java_thread_list=0x00000161375a6710, length=50, elements={
0x000001611766eb60, 0x000001612f3c26d0, 0x000001612f3c74e0, 0x000001612f3c5140,
0x000001612f3fe5d0, 0x000001612f3f41e0, 0x000001612f3dc860, 0x000001612f3dd2c0,
0x000001612f406f80, 0x000001612f3e07e0, 0x000001612f719880, 0x0000016135da4d70,
0x0000016135d4ffd0, 0x0000016135f4f570, 0x0000016135eb6700, 0x0000016135f10b30,
0x0000016135f4e9f0, 0x0000016135eacf90, 0x0000016134c63090, 0x0000016134c63720,
0x0000016134c63db0, 0x0000016134c64440, 0x0000016134c64ad0, 0x0000016134c65160,
0x0000016134c65e80, 0x0000016134c66510, 0x000001613602c6a0, 0x0000016136029220,
0x0000016136029f40, 0x00000161360298b0, 0x000001613602c010, 0x000001613602b980,
0x000001613602cd30, 0x000001613602d3c0, 0x000001613602ac60, 0x000001613602b2f0,
0x000001613602da50, 0x000001613602a5d0, 0x00000161360301b0, 0x000001613602e0e0,
0x000001613602fb20, 0x000001613602e770, 0x000001613602ee00, 0x000001613602f490,
0x000001613625f430, 0x000001613687a740, 0x000001613687add0, 0x000001613687b460,
0x000001613687baf0, 0x000001613625ed60
}

Java Threads: ( => current thread )
  0x000001611766eb60 JavaThread "main"                              [_thread_blocked, id=24432, stack(0x0000005762d00000,0x0000005762e00000) (1024K)]
  0x000001612f3c26d0 JavaThread "Common-Cleaner"             daemon [_thread_blocked, id=15488, stack(0x0000005763500000,0x0000005763600000) (1024K)]
  0x000001612f3c74e0 JavaThread "Reference Handler"          daemon [_thread_blocked, id=14216, stack(0x0000005763600000,0x0000005763700000) (1024K)]
  0x000001612f3c5140 JavaThread "Finalizer"                  daemon [_thread_blocked, id=21220, stack(0x0000005763700000,0x0000005763800000) (1024K)]
  0x000001612f3fe5d0 JavaThread "Signal Dispatcher"          daemon [_thread_blocked, id=22004, stack(0x0000005763800000,0x0000005763900000) (1024K)]
  0x000001612f3f41e0 JavaThread "Attach Listener"            daemon [_thread_blocked, id=12496, stack(0x0000005763900000,0x0000005763a00000) (1024K)]
  0x000001612f3dc860 JavaThread "Service Thread"             daemon [_thread_blocked, id=18204, stack(0x0000005763a00000,0x0000005763b00000) (1024K)]
  0x000001612f3dd2c0 JavaThread "Monitor Deflation Thread"   daemon [_thread_blocked, id=26088, stack(0x0000005763b00000,0x0000005763c00000) (1024K)]
  0x000001612f406f80 JavaThread "C2 CompilerThread0"         daemon [_thread_blocked, id=22436, stack(0x0000005763c00000,0x0000005763d00000) (1024K)]
  0x000001612f3e07e0 JavaThread "C1 CompilerThread0"         daemon [_thread_blocked, id=19756, stack(0x0000005763d00000,0x0000005763e00000) (1024K)]
  0x000001612f719880 JavaThread "Notification Thread"        daemon [_thread_blocked, id=26296, stack(0x0000005763e00000,0x0000005763f00000) (1024K)]
  0x0000016135da4d70 JavaThread "Daemon health stats"               [_thread_blocked, id=23220, stack(0x0000005764500000,0x0000005764600000) (1024K)]
  0x0000016135d4ffd0 JavaThread "Incoming local TCP Connector on port 64261"        [_thread_in_native, id=8140, stack(0x0000005764600000,0x0000005764700000) (1024K)]
  0x0000016135f4f570 JavaThread "Daemon periodic checks"            [_thread_blocked, id=9360, stack(0x0000005764700000,0x0000005764800000) (1024K)]
  0x0000016135eb6700 JavaThread "Daemon"                            [_thread_blocked, id=3764, stack(0x0000005764800000,0x0000005764900000) (1024K)]
  0x0000016135f10b30 JavaThread "Handler for socket connection from /127.0.0.1:64261 to /127.0.0.1:64262"        [_thread_in_native, id=25832, stack(0x0000005764900000,0x0000005764a00000) (1024K)]
  0x0000016135f4e9f0 JavaThread "Cancel handler"                    [_thread_blocked, id=5604, stack(0x0000005764a00000,0x0000005764b00000) (1024K)]
  0x0000016135eacf90 JavaThread "Daemon worker"                     [_thread_in_native, id=22020, stack(0x0000005765100000,0x0000005765200000) (1024K)]
  0x0000016134c63090 JavaThread "Asynchronous log dispatcher for DefaultDaemonConnection: socket connection from /127.0.0.1:64261 to /127.0.0.1:64262"        [_thread_blocked, id=18172, stack(0x0000005765200000,0x0000005765300000) (1024K)]
  0x0000016134c63720 JavaThread "Stdin handler"                     [_thread_blocked, id=26076, stack(0x0000005765300000,0x0000005765400000) (1024K)]
  0x0000016134c63db0 JavaThread "Daemon client event forwarder"        [_thread_blocked, id=26208, stack(0x0000005765400000,0x0000005765500000) (1024K)]
  0x0000016134c64440 JavaThread "Cache worker for journal cache (C:\Users\User\.gradle\caches\journal-1)"        [_thread_blocked, id=10864, stack(0x0000005765500000,0x0000005765600000) (1024K)]
  0x0000016134c64ad0 JavaThread "File lock request listener"        [_thread_in_native, id=22616, stack(0x0000005765600000,0x0000005765700000) (1024K)]
  0x0000016134c65160 JavaThread "Cache worker for file hash cache (C:\Users\User\.gradle\caches\8.13\fileHashes)"        [_thread_blocked, id=25800, stack(0x0000005765700000,0x0000005765800000) (1024K)]
  0x0000016134c65e80 JavaThread "Cache worker for file hash cache (C:\Users\User\StudioProjects\Android-Project\.gradle\8.13\fileHashes)"        [_thread_blocked, id=21068, stack(0x0000005765900000,0x0000005765a00000) (1024K)]
  0x0000016134c66510 JavaThread "Cache worker for Build Output Cleanup Cache (C:\Users\User\StudioProjects\Android-Project\.gradle\buildOutputCleanup)"        [_thread_blocked, id=11480, stack(0x0000005765a00000,0x0000005765b00000) (1024K)]
  0x000001613602c6a0 JavaThread "File watcher server"        daemon [_thread_in_native, id=26332, stack(0x0000005765b00000,0x0000005765c00000) (1024K)]
  0x0000016136029220 JavaThread "File watcher consumer"      daemon [_thread_blocked, id=26244, stack(0x0000005765c00000,0x0000005765d00000) (1024K)]
  0x0000016136029f40 JavaThread "jar transforms"                    [_thread_blocked, id=12092, stack(0x0000005765d00000,0x0000005765e00000) (1024K)]
  0x00000161360298b0 JavaThread "jar transforms Thread 2"           [_thread_blocked, id=17024, stack(0x0000005765e00000,0x0000005765f00000) (1024K)]
  0x000001613602c010 JavaThread "jar transforms Thread 3"           [_thread_blocked, id=26436, stack(0x0000005765f00000,0x0000005766000000) (1024K)]
  0x000001613602b980 JavaThread "jar transforms Thread 4"           [_thread_blocked, id=26508, stack(0x0000005766000000,0x0000005766100000) (1024K)]
  0x000001613602cd30 JavaThread "jar transforms Thread 5"           [_thread_blocked, id=8636, stack(0x0000005766100000,0x0000005766200000) (1024K)]
  0x000001613602d3c0 JavaThread "jar transforms Thread 6"           [_thread_blocked, id=25724, stack(0x0000005766200000,0x0000005766300000) (1024K)]
  0x000001613602ac60 JavaThread "jar transforms Thread 7"           [_thread_blocked, id=21580, stack(0x0000005766300000,0x0000005766400000) (1024K)]
  0x000001613602b2f0 JavaThread "jar transforms Thread 8"           [_thread_blocked, id=3512, stack(0x0000005766400000,0x0000005766500000) (1024K)]
  0x000001613602da50 JavaThread "jar transforms Thread 9"           [_thread_blocked, id=26532, stack(0x0000005766500000,0x0000005766600000) (1024K)]
  0x000001613602a5d0 JavaThread "jar transforms Thread 10"          [_thread_blocked, id=16040, stack(0x0000005766600000,0x0000005766700000) (1024K)]
  0x00000161360301b0 JavaThread "jar transforms Thread 11"          [_thread_blocked, id=6156, stack(0x0000005766700000,0x0000005766800000) (1024K)]
  0x000001613602e0e0 JavaThread "jar transforms Thread 12"          [_thread_blocked, id=9708, stack(0x0000005766800000,0x0000005766900000) (1024K)]
  0x000001613602fb20 JavaThread "Cache worker for checksums cache (C:\Users\User\StudioProjects\Android-Project\.gradle\8.13\checksums)"        [_thread_blocked, id=13816, stack(0x0000005766900000,0x0000005766a00000) (1024K)]
  0x000001613602e770 JavaThread "Cache worker for file content cache (C:\Users\User\.gradle\caches\8.13\fileContent)"        [_thread_blocked, id=3972, stack(0x0000005766a00000,0x0000005766b00000) (1024K)]
  0x000001613602ee00 JavaThread "Cache worker for cache directory md-supplier (C:\Users\User\.gradle\caches\8.13\md-supplier)"        [_thread_blocked, id=10484, stack(0x0000005765800000,0x0000005765900000) (1024K)]
  0x000001613602f490 JavaThread "Cache worker for cache directory md-rule (C:\Users\User\.gradle\caches\8.13\md-rule)"        [_thread_blocked, id=22576, stack(0x0000005766b00000,0x0000005766c00000) (1024K)]
  0x000001613625f430 JavaThread "C2 CompilerThread1"         daemon [_thread_blocked, id=22940, stack(0x0000005763f00000,0x0000005764000000) (1024K)]
  0x000001613687a740 JavaThread "Unconstrained build operations"        [_thread_blocked, id=16872, stack(0x0000005766c00000,0x0000005766d00000) (1024K)]
  0x000001613687add0 JavaThread "Unconstrained build operations Thread 2"        [_thread_blocked, id=12692, stack(0x0000005766d00000,0x0000005766e00000) (1024K)]
  0x000001613687b460 JavaThread "Unconstrained build operations Thread 3"        [_thread_blocked, id=21560, stack(0x0000005766e00000,0x0000005766f00000) (1024K)]
  0x000001613687baf0 JavaThread "Unconstrained build operations Thread 4"        [_thread_blocked, id=13168, stack(0x0000005766f00000,0x0000005767000000) (1024K)]
=>0x000001613625ed60 JavaThread "C2 CompilerThread2"         daemon [_thread_in_native, id=17652, stack(0x0000005767000000,0x0000005767100000) (1024K)]
Total: 50

Other Threads:
  0x000001612f32f360 VMThread "VM Thread"                           [id=15548, stack(0x0000005763400000,0x0000005763500000) (1024K)]
  0x000001612ef8d650 WatcherThread "VM Periodic Task Thread"        [id=12604, stack(0x0000005763300000,0x0000005763400000) (1024K)]
  0x00000161176c47c0 WorkerThread "GC Thread#0"                     [id=25740, stack(0x0000005762e00000,0x0000005762f00000) (1024K)]
  0x000001612f992250 WorkerThread "GC Thread#1"                     [id=14944, stack(0x0000005764000000,0x0000005764100000) (1024K)]
  0x000001612fb32c10 WorkerThread "GC Thread#2"                     [id=26280, stack(0x0000005764100000,0x0000005764200000) (1024K)]
  0x000001612fb32fb0 WorkerThread "GC Thread#3"                     [id=25704, stack(0x0000005764200000,0x0000005764300000) (1024K)]
  0x000001613485a690 WorkerThread "GC Thread#4"                     [id=15224, stack(0x0000005764400000,0x0000005764500000) (1024K)]
  0x0000016135241120 WorkerThread "GC Thread#5"                     [id=26284, stack(0x0000005764300000,0x0000005764400000) (1024K)]
  0x0000016135f4f060 WorkerThread "GC Thread#6"                     [id=22900, stack(0x0000005764b00000,0x0000005764c00000) (1024K)]
  0x0000016134d6d3e0 WorkerThread "GC Thread#7"                     [id=23132, stack(0x0000005764c00000,0x0000005764d00000) (1024K)]
  0x0000016134d6d780 WorkerThread "GC Thread#8"                     [id=7148, stack(0x0000005764d00000,0x0000005764e00000) (1024K)]
  0x0000016134c4aac0 WorkerThread "GC Thread#9"                     [id=26440, stack(0x0000005764e00000,0x0000005764f00000) (1024K)]
  0x00000161176d7670 ConcurrentGCThread "G1 Main Marker"            [id=19468, stack(0x0000005762f00000,0x0000005763000000) (1024K)]
  0x00000161176d8bf0 WorkerThread "G1 Conc#0"                       [id=7972, stack(0x0000005763000000,0x0000005763100000) (1024K)]
  0x0000016134c4a720 WorkerThread "G1 Conc#1"                       [id=9712, stack(0x0000005764f00000,0x0000005765000000) (1024K)]
  0x0000016134c4b5a0 WorkerThread "G1 Conc#2"                       [id=24464, stack(0x0000005765000000,0x0000005765100000) (1024K)]
  0x000001612ee61030 ConcurrentGCThread "G1 Refine#0"               [id=10684, stack(0x0000005763100000,0x0000005763200000) (1024K)]
  0x000001612ee63860 ConcurrentGCThread "G1 Service"                [id=23832, stack(0x0000005763200000,0x0000005763300000) (1024K)]
Total: 18

Threads with active compile tasks:
C2 CompilerThread2  10819 5407   !   4       java.net.URLClassLoader$1::run (81 bytes)
Total: 1

VM state: not at safepoint (normal execution)

VM Mutex/Monitor currently owned by a thread: None

Heap address: 0x0000000080000000, size: 2048 MB, Compressed Oops mode: 32-bit

CDS archive(s) not mapped
Compressed class space mapped at: 0x0000000100000000-0x0000000140000000, reserved size: 1073741824
Narrow klass base: 0x0000000000000000, Narrow klass shift: 3, Narrow klass range: 0x140000000

GC Precious Log:
 CardTable entry size: 512
 Card Set container configuration: InlinePtr #cards 5 size 8 Array Of Cards #cards 12 size 40 Howl #buckets 4 coarsen threshold 1843 Howl Bitmap #cards 512 size 80 coarsen threshold 460 Card regions per heap region 1 cards per card region 2048
 CPUs: 12 total, 12 available
 Memory: 11913M
 Large Page Support: Disabled
 NUMA Support: Disabled
 Compressed Oops: Enabled (32-bit)
 Heap Region Size: 1M
 Heap Min Capacity: 8M
 Heap Initial Capacity: 188M
 Heap Max Capacity: 2G
 Pre-touch: Disabled
 Parallel Workers: 10
 Concurrent Workers: 3
 Concurrent Refinement Workers: 10
 Periodic GC: Disabled

Heap:
 garbage-first heap   total 115712K, used 69092K [0x0000000080000000, 0x0000000100000000)
  region size 1024K, 8 young (8192K), 5 survivors (5120K)
 Metaspace       used 57865K, committed 59392K, reserved 1114112K
  class space    used 8162K, committed 8896K, reserved 1048576K

Heap Regions: E=young(eden), S=young(survivor), O=old, HS=humongous(starts), HC=humongous(continues), CS=collection set, F=free, TAMS=top-at-mark-start, PB=parsable bottom
|   0|0x0000000080000000, 0x0000000080100000, 0x0000000080100000|100%|HS|  |TAMS 0x0000000080000000| PB 0x0000000080000000| Complete 
|   1|0x0000000080100000, 0x0000000080200000, 0x0000000080200000|100%|HC|  |TAMS 0x0000000080100000| PB 0x0000000080100000| Complete 
|   2|0x0000000080200000, 0x0000000080300000, 0x0000000080300000|100%|HC|  |TAMS 0x0000000080200000| PB 0x0000000080200000| Complete 
|   3|0x0000000080300000, 0x0000000080400000, 0x0000000080400000|100%| O|  |TAMS 0x0000000080300000| PB 0x0000000080300000| Untracked 
|   4|0x0000000080400000, 0x0000000080500000, 0x0000000080500000|100%| O|  |TAMS 0x0000000080400000| PB 0x0000000080400000| Untracked 
|   5|0x0000000080500000, 0x0000000080600000, 0x0000000080600000|100%| O|  |TAMS 0x0000000080500000| PB 0x0000000080500000| Untracked 
|   6|0x0000000080600000, 0x0000000080700000, 0x0000000080700000|100%|HS|  |TAMS 0x0000000080600000| PB 0x0000000080600000| Complete 
|   7|0x0000000080700000, 0x0000000080800000, 0x0000000080800000|100%| O|  |TAMS 0x0000000080700000| PB 0x0000000080700000| Untracked 
|   8|0x0000000080800000, 0x0000000080900000, 0x0000000080900000|100%| O|  |TAMS 0x0000000080800000| PB 0x0000000080800000| Untracked 
|   9|0x0000000080900000, 0x0000000080a00000, 0x0000000080a00000|100%| O|  |TAMS 0x0000000080900000| PB 0x0000000080900000| Untracked 
|  10|0x0000000080a00000, 0x0000000080b00000, 0x0000000080b00000|100%| O|  |TAMS 0x0000000080a00000| PB 0x0000000080a00000| Untracked 
|  11|0x0000000080b00000, 0x0000000080c00000, 0x0000000080c00000|100%| O|  |TAMS 0x0000000080b00000| PB 0x0000000080b00000| Untracked 
|  12|0x0000000080c00000, 0x0000000080d00000, 0x0000000080d00000|100%| O|  |TAMS 0x0000000080c00000| PB 0x0000000080c00000| Untracked 
|  13|0x0000000080d00000, 0x0000000080e00000, 0x0000000080e00000|100%| O|  |TAMS 0x0000000080d00000| PB 0x0000000080d00000| Untracked 
|  14|0x0000000080e00000, 0x0000000080f00000, 0x0000000080f00000|100%| O|  |TAMS 0x0000000080e00000| PB 0x0000000080e00000| Untracked 
|  15|0x0000000080f00000, 0x0000000081000000, 0x0000000081000000|100%| O|  |TAMS 0x0000000080f00000| PB 0x0000000080f00000| Untracked 
|  16|0x0000000081000000, 0x0000000081100000, 0x0000000081100000|100%| O|  |TAMS 0x0000000081000000| PB 0x0000000081000000| Untracked 
|  17|0x0000000081100000, 0x0000000081100000, 0x0000000081200000|  0%| F|  |TAMS 0x0000000081100000| PB 0x0000000081100000| Untracked 
|  18|0x0000000081200000, 0x0000000081300000, 0x0000000081300000|100%|HS|  |TAMS 0x0000000081200000| PB 0x0000000081200000| Complete 
|  19|0x0000000081300000, 0x0000000081400000, 0x0000000081400000|100%|HC|  |TAMS 0x0000000081300000| PB 0x0000000081300000| Complete 
|  20|0x0000000081400000, 0x0000000081500000, 0x0000000081500000|100%|HC|  |TAMS 0x0000000081400000| PB 0x0000000081400000| Complete 
|  21|0x0000000081500000, 0x0000000081600000, 0x0000000081600000|100%|HC|  |TAMS 0x0000000081500000| PB 0x0000000081500000| Complete 
|  22|0x0000000081600000, 0x0000000081700000, 0x0000000081700000|100%|HC|  |TAMS 0x0000000081600000| PB 0x0000000081600000| Complete 
|  23|0x0000000081700000, 0x0000000081800000, 0x0000000081800000|100%|HC|  |TAMS 0x0000000081700000| PB 0x0000000081700000| Complete 
|  24|0x0000000081800000, 0x0000000081900000, 0x0000000081900000|100%|HS|  |TAMS 0x0000000081800000| PB 0x0000000081800000| Complete 
|  25|0x0000000081900000, 0x0000000081a00000, 0x0000000081a00000|100%|HC|  |TAMS 0x0000000081900000| PB 0x0000000081900000| Complete 
|  26|0x0000000081a00000, 0x0000000081b00000, 0x0000000081b00000|100%|HS|  |TAMS 0x0000000081a00000| PB 0x0000000081a00000| Complete 
|  27|0x0000000081b00000, 0x0000000081c00000, 0x0000000081c00000|100%|HS|  |TAMS 0x0000000081b00000| PB 0x0000000081b00000| Complete 
|  28|0x0000000081c00000, 0x0000000081d00000, 0x0000000081d00000|100%|HC|  |TAMS 0x0000000081c00000| PB 0x0000000081c00000| Complete 
|  29|0x0000000081d00000, 0x0000000081e00000, 0x0000000081e00000|100%|HC|  |TAMS 0x0000000081d00000| PB 0x0000000081d00000| Complete 
|  30|0x0000000081e00000, 0x0000000081f00000, 0x0000000081f00000|100%|HC|  |TAMS 0x0000000081e00000| PB 0x0000000081e00000| Complete 
|  31|0x0000000081f00000, 0x0000000082000000, 0x0000000082000000|100%|HC|  |TAMS 0x0000000081f00000| PB 0x0000000081f00000| Complete 
|  32|0x0000000082000000, 0x0000000082100000, 0x0000000082100000|100%|HC|  |TAMS 0x0000000082000000| PB 0x0000000082000000| Complete 
|  33|0x0000000082100000, 0x0000000082200000, 0x0000000082200000|100%|HS|  |TAMS 0x0000000082100000| PB 0x0000000082100000| Complete 
|  34|0x0000000082200000, 0x0000000082300000, 0x0000000082300000|100%|HC|  |TAMS 0x0000000082200000| PB 0x0000000082200000| Complete 
|  35|0x0000000082300000, 0x0000000082400000, 0x0000000082400000|100%|HS|  |TAMS 0x0000000082300000| PB 0x0000000082300000| Complete 
|  36|0x0000000082400000, 0x0000000082500000, 0x0000000082500000|100%| O|  |TAMS 0x0000000082400000| PB 0x0000000082400000| Untracked 
|  37|0x0000000082500000, 0x0000000082600000, 0x0000000082600000|100%| O|  |TAMS 0x0000000082500000| PB 0x0000000082500000| Untracked 
|  38|0x0000000082600000, 0x0000000082700000, 0x0000000082700000|100%| O|  |TAMS 0x0000000082600000| PB 0x0000000082600000| Untracked 
|  39|0x0000000082700000, 0x0000000082800000, 0x0000000082800000|100%| O|  |TAMS 0x0000000082700000| PB 0x0000000082700000| Untracked 
|  40|0x0000000082800000, 0x0000000082900000, 0x0000000082900000|100%| O|  |TAMS 0x0000000082800000| PB 0x0000000082800000| Untracked 
|  41|0x0000000082900000, 0x0000000082a00000, 0x0000000082a00000|100%| O|  |TAMS 0x0000000082900000| PB 0x0000000082900000| Untracked 
|  42|0x0000000082a00000, 0x0000000082b00000, 0x0000000082b00000|100%| O|  |TAMS 0x0000000082a00000| PB 0x0000000082a00000| Untracked 
|  43|0x0000000082b00000, 0x0000000082c00000, 0x0000000082c00000|100%| O|  |TAMS 0x0000000082b00000| PB 0x0000000082b00000| Untracked 
|  44|0x0000000082c00000, 0x0000000082d00000, 0x0000000082d00000|100%| O|  |TAMS 0x0000000082c00000| PB 0x0000000082c00000| Untracked 
|  45|0x0000000082d00000, 0x0000000082e00000, 0x0000000082e00000|100%| O|  |TAMS 0x0000000082d00000| PB 0x0000000082d00000| Untracked 
|  46|0x0000000082e00000, 0x0000000082f00000, 0x0000000082f00000|100%| O|  |TAMS 0x0000000082e00000| PB 0x0000000082e00000| Untracked 
|  47|0x0000000082f00000, 0x0000000083000000, 0x0000000083000000|100%| O|  |TAMS 0x0000000082f00000| PB 0x0000000082f00000| Untracked 
|  48|0x0000000083000000, 0x0000000083100000, 0x0000000083100000|100%| O|  |TAMS 0x0000000083000000| PB 0x0000000083000000| Untracked 
|  49|0x0000000083100000, 0x0000000083200000, 0x0000000083200000|100%| O|  |TAMS 0x0000000083100000| PB 0x0000000083100000| Untracked 
|  50|0x0000000083200000, 0x000000008326cf00, 0x0000000083300000| 42%| O|  |TAMS 0x0000000083200000| PB 0x0000000083200000| Untracked 
|  51|0x0000000083300000, 0x0000000083400000, 0x0000000083400000|100%|HS|  |TAMS 0x0000000083300000| PB 0x0000000083300000| Complete 
|  52|0x0000000083400000, 0x0000000083500000, 0x0000000083500000|100%|HC|  |TAMS 0x0000000083400000| PB 0x0000000083400000| Complete 
|  53|0x0000000083500000, 0x0000000083500000, 0x0000000083600000|  0%| F|  |TAMS 0x0000000083500000| PB 0x0000000083500000| Untracked 
|  54|0x0000000083600000, 0x0000000083600000, 0x0000000083700000|  0%| F|  |TAMS 0x0000000083600000| PB 0x0000000083600000| Untracked 
|  55|0x0000000083700000, 0x0000000083700000, 0x0000000083800000|  0%| F|  |TAMS 0x0000000083700000| PB 0x0000000083700000| Untracked 
|  56|0x0000000083800000, 0x0000000083800000, 0x0000000083900000|  0%| F|  |TAMS 0x0000000083800000| PB 0x0000000083800000| Untracked 
|  57|0x0000000083900000, 0x0000000083900000, 0x0000000083a00000|  0%| F|  |TAMS 0x0000000083900000| PB 0x0000000083900000| Untracked 
|  58|0x0000000083a00000, 0x0000000083a00000, 0x0000000083b00000|  0%| F|  |TAMS 0x0000000083a00000| PB 0x0000000083a00000| Untracked 
|  59|0x0000000083b00000, 0x0000000083b00000, 0x0000000083c00000|  0%| F|  |TAMS 0x0000000083b00000| PB 0x0000000083b00000| Untracked 
|  60|0x0000000083c00000, 0x0000000083c00000, 0x0000000083d00000|  0%| F|  |TAMS 0x0000000083c00000| PB 0x0000000083c00000| Untracked 
|  61|0x0000000083d00000, 0x0000000083d00000, 0x0000000083e00000|  0%| F|  |TAMS 0x0000000083d00000| PB 0x0000000083d00000| Untracked 
|  62|0x0000000083e00000, 0x0000000083e00000, 0x0000000083f00000|  0%| F|  |TAMS 0x0000000083e00000| PB 0x0000000083e00000| Untracked 
|  63|0x0000000083f00000, 0x0000000083f00000, 0x0000000084000000|  0%| F|  |TAMS 0x0000000083f00000| PB 0x0000000083f00000| Untracked 
|  64|0x0000000084000000, 0x0000000084000000, 0x0000000084100000|  0%| F|  |TAMS 0x0000000084000000| PB 0x0000000084000000| Untracked 
|  65|0x0000000084100000, 0x0000000084100000, 0x0000000084200000|  0%| F|  |TAMS 0x0000000084100000| PB 0x0000000084100000| Untracked 
|  66|0x0000000084200000, 0x0000000084200000, 0x0000000084300000|  0%| F|  |TAMS 0x0000000084200000| PB 0x0000000084200000| Untracked 
|  67|0x0000000084300000, 0x0000000084300000, 0x0000000084400000|  0%| F|  |TAMS 0x0000000084300000| PB 0x0000000084300000| Untracked 
|  68|0x0000000084400000, 0x0000000084400000, 0x0000000084500000|  0%| F|  |TAMS 0x0000000084400000| PB 0x0000000084400000| Untracked 
|  69|0x0000000084500000, 0x0000000084500000, 0x0000000084600000|  0%| F|  |TAMS 0x0000000084500000| PB 0x0000000084500000| Untracked 
|  70|0x0000000084600000, 0x0000000084600000, 0x0000000084700000|  0%| F|  |TAMS 0x0000000084600000| PB 0x0000000084600000| Untracked 
|  71|0x0000000084700000, 0x0000000084700000, 0x0000000084800000|  0%| F|  |TAMS 0x0000000084700000| PB 0x0000000084700000| Untracked 
|  72|0x0000000084800000, 0x0000000084800000, 0x0000000084900000|  0%| F|  |TAMS 0x0000000084800000| PB 0x0000000084800000| Untracked 
|  73|0x0000000084900000, 0x0000000084900000, 0x0000000084a00000|  0%| F|  |TAMS 0x0000000084900000| PB 0x0000000084900000| Untracked 
|  74|0x0000000084a00000, 0x0000000084a00000, 0x0000000084b00000|  0%| F|  |TAMS 0x0000000084a00000| PB 0x0000000084a00000| Untracked 
|  75|0x0000000084b00000, 0x0000000084b00000, 0x0000000084c00000|  0%| F|  |TAMS 0x0000000084b00000| PB 0x0000000084b00000| Untracked 
|  76|0x0000000084c00000, 0x0000000084c00000, 0x0000000084d00000|  0%| F|  |TAMS 0x0000000084c00000| PB 0x0000000084c00000| Untracked 
|  77|0x0000000084d00000, 0x0000000084d00000, 0x0000000084e00000|  0%| F|  |TAMS 0x0000000084d00000| PB 0x0000000084d00000| Untracked 
|  78|0x0000000084e00000, 0x0000000084e00000, 0x0000000084f00000|  0%| F|  |TAMS 0x0000000084e00000| PB 0x0000000084e00000| Untracked 
|  79|0x0000000084f00000, 0x0000000084f00000, 0x0000000085000000|  0%| F|  |TAMS 0x0000000084f00000| PB 0x0000000084f00000| Untracked 
|  80|0x0000000085000000, 0x0000000085000000, 0x0000000085100000|  0%| F|  |TAMS 0x0000000085000000| PB 0x0000000085000000| Untracked 
|  81|0x0000000085100000, 0x0000000085100000, 0x0000000085200000|  0%| F|  |TAMS 0x0000000085100000| PB 0x0000000085100000| Untracked 
|  82|0x0000000085200000, 0x000000008520c388, 0x0000000085300000|  4%| S|CS|TAMS 0x0000000085200000| PB 0x0000000085200000| Complete 
|  83|0x0000000085300000, 0x0000000085400000, 0x0000000085400000|100%| S|CS|TAMS 0x0000000085300000| PB 0x0000000085300000| Complete 
|  84|0x0000000085400000, 0x0000000085500000, 0x0000000085500000|100%| S|CS|TAMS 0x0000000085400000| PB 0x0000000085400000| Complete 
|  85|0x0000000085500000, 0x0000000085600000, 0x0000000085600000|100%| S|CS|TAMS 0x0000000085500000| PB 0x0000000085500000| Complete 
|  86|0x0000000085600000, 0x0000000085700000, 0x0000000085700000|100%| S|CS|TAMS 0x0000000085600000| PB 0x0000000085600000| Complete 
|  87|0x0000000085700000, 0x0000000085700000, 0x0000000085800000|  0%| F|  |TAMS 0x0000000085700000| PB 0x0000000085700000| Untracked 
|  88|0x0000000085800000, 0x0000000085800000, 0x0000000085900000|  0%| F|  |TAMS 0x0000000085800000| PB 0x0000000085800000| Untracked 
|  89|0x0000000085900000, 0x0000000085900000, 0x0000000085a00000|  0%| F|  |TAMS 0x0000000085900000| PB 0x0000000085900000| Untracked 
|  90|0x0000000085a00000, 0x0000000085a00000, 0x0000000085b00000|  0%| F|  |TAMS 0x0000000085a00000| PB 0x0000000085a00000| Untracked 
|  91|0x0000000085b00000, 0x0000000085b00000, 0x0000000085c00000|  0%| F|  |TAMS 0x0000000085b00000| PB 0x0000000085b00000| Untracked 
|  92|0x0000000085c00000, 0x0000000085c00000, 0x0000000085d00000|  0%| F|  |TAMS 0x0000000085c00000| PB 0x0000000085c00000| Untracked 
| 153|0x0000000089900000, 0x0000000089900000, 0x0000000089a00000|  0%| F|  |TAMS 0x0000000089900000| PB 0x0000000089900000| Untracked 
| 154|0x0000000089a00000, 0x0000000089a00000, 0x0000000089b00000|  0%| F|  |TAMS 0x0000000089a00000| PB 0x0000000089a00000| Untracked 
| 155|0x0000000089b00000, 0x0000000089b00000, 0x0000000089c00000|  0%| F|  |TAMS 0x0000000089b00000| PB 0x0000000089b00000| Untracked 
| 156|0x0000000089c00000, 0x0000000089c00000, 0x0000000089d00000|  0%| F|  |TAMS 0x0000000089c00000| PB 0x0000000089c00000| Untracked 
| 157|0x0000000089d00000, 0x0000000089d00000, 0x0000000089e00000|  0%| F|  |TAMS 0x0000000089d00000| PB 0x0000000089d00000| Untracked 
| 158|0x0000000089e00000, 0x0000000089e00000, 0x0000000089f00000|  0%| F|  |TAMS 0x0000000089e00000| PB 0x0000000089e00000| Untracked 
| 159|0x0000000089f00000, 0x0000000089f00000, 0x000000008a000000|  0%| F|  |TAMS 0x0000000089f00000| PB 0x0000000089f00000| Untracked 
| 160|0x000000008a000000, 0x000000008a0b28f8, 0x000000008a100000| 69%| E|  |TAMS 0x000000008a000000| PB 0x000000008a000000| Complete 
| 161|0x000000008a100000, 0x000000008a200000, 0x000000008a200000|100%| E|CS|TAMS 0x000000008a100000| PB 0x000000008a100000| Complete 
| 187|0x000000008bb00000, 0x000000008bc00000, 0x000000008bc00000|100%| E|CS|TAMS 0x000000008bb00000| PB 0x000000008bb00000| Complete 
|2038|0x00000000ff600000, 0x00000000ff700000, 0x00000000ff700000|100%| O|  |TAMS 0x00000000ff600000| PB 0x00000000ff600000| Untracked 
|2039|0x00000000ff700000, 0x00000000ff800000, 0x00000000ff800000|100%| O|  |TAMS 0x00000000ff700000| PB 0x00000000ff700000| Untracked 
|2040|0x00000000ff800000, 0x00000000ff900000, 0x00000000ff900000|100%| O|  |TAMS 0x00000000ff800000| PB 0x00000000ff800000| Untracked 
|2041|0x00000000ff900000, 0x00000000ffa00000, 0x00000000ffa00000|100%| O|  |TAMS 0x00000000ff900000| PB 0x00000000ff900000| Untracked 
|2042|0x00000000ffa00000, 0x00000000ffb00000, 0x00000000ffb00000|100%| O|  |TAMS 0x00000000ffa00000| PB 0x00000000ffa00000| Untracked 
|2043|0x00000000ffb00000, 0x00000000ffc00000, 0x00000000ffc00000|100%| O|Cm|TAMS 0x00000000ffb00000| PB 0x00000000ffb00000| Complete 
|2044|0x00000000ffc00000, 0x00000000ffd00000, 0x00000000ffd00000|100%| O|  |TAMS 0x00000000ffc00000| PB 0x00000000ffc00000| Untracked 
|2045|0x00000000ffd00000, 0x00000000ffe00000, 0x00000000ffe00000|100%| O|  |TAMS 0x00000000ffd00000| PB 0x00000000ffd00000| Untracked 
|2046|0x00000000ffe00000, 0x00000000fff00000, 0x00000000fff00000|100%| O|  |TAMS 0x00000000ffe00000| PB 0x00000000ffe00000| Untracked 
|2047|0x00000000fff00000, 0x0000000100000000, 0x0000000100000000|100%| O|  |TAMS 0x00000000fff00000| PB 0x00000000fff00000| Untracked 

Card table byte_map: [0x000001612a100000,0x000001612a500000] _byte_map_base: 0x0000016129d00000

Marking Bits: (CMBitMap*) 0x00000161176c4dd0
 Bits: [0x000001612a500000, 0x000001612c500000)

Polling page: 0x00000161153c0000

Metaspace:

Usage:
  Non-class:     48.55 MB used.
      Class:      7.97 MB used.
       Both:     56.52 MB used.

Virtual space:
  Non-class space:       64.00 MB reserved,      49.31 MB ( 77%) committed,  1 nodes.
      Class space:        1.00 GB reserved,       8.69 MB ( <1%) committed,  1 nodes.
             Both:        1.06 GB reserved,      58.00 MB (  5%) committed. 

Chunk freelists:
   Non-Class:  14.47 MB
       Class:  7.22 MB
        Both:  21.69 MB

MaxMetaspaceSize: unlimited
CompressedClassSpaceSize: 1.00 GB
Initial GC threshold: 21.00 MB
Current GC threshold: 96.56 MB
CDS: off
 - commit_granule_bytes: 65536.
 - commit_granule_words: 8192.
 - virtual_space_node_default_size: 8388608.
 - enlarge_chunks_in_place: 1.
 - use_allocation_guard: 0.


Internal statistics:

num_allocs_failed_limit: 6.
num_arena_births: 2788.
num_arena_deaths: 0.
num_vsnodes_births: 2.
num_vsnodes_deaths: 0.
num_space_committed: 928.
num_space_uncommitted: 0.
num_chunks_returned_to_freelist: 6.
num_chunks_taken_from_freelist: 5121.
num_chunk_merges: 0.
num_chunk_splits: 3256.
num_chunks_enlarged: 1943.
num_inconsistent_stats: 0.

CodeHeap 'non-profiled nmethods': size=120000Kb used=3060Kb max_used=3701Kb free=116940Kb
 bounds [0x0000016122270000, 0x0000016122610000, 0x00000161297a0000]
CodeHeap 'profiled nmethods': size=120000Kb used=8988Kb max_used=9436Kb free=111011Kb
 bounds [0x000001611a7a0000, 0x000001611b0e0000, 0x0000016121cd0000]
CodeHeap 'non-nmethods': size=5760Kb used=2558Kb max_used=2663Kb free=3202Kb
 bounds [0x0000016121cd0000, 0x0000016121f70000, 0x0000016122270000]
CodeCache: size=245760Kb, used=14606Kb, max_used=15800Kb, free=231153Kb
 total_blobs=5638, nmethods=4790, adapters=751, full_count=0
Compilation: enabled, stopped_count=0, restarted_count=0

Compilation events (20 events):
Event: 8.680 Thread 0x000001612f3e07e0 5666       3       org.codehaus.groovy.util.ReferenceType$WeakRef::<init> (12 bytes)
Event: 8.680 Thread 0x000001612f3e07e0 nmethod 5666 0x000001611a969290 code [0x000001611a969460, 0x000001611a9697e8]
Event: 8.685 Thread 0x000001612f3e07e0 5667       3       sun.reflect.generics.reflectiveObjects.WildcardTypeImpl::getLowerBounds (34 bytes)
Event: 8.686 Thread 0x000001612f3e07e0 nmethod 5667 0x000001611a8b3d10 code [0x000001611a8b3f00, 0x000001611a8b4510]
Event: 8.691 Thread 0x000001612f3e07e0 5668       3       java.util.ArrayDeque::removeLast (19 bytes)
Event: 8.692 Thread 0x000001612f3e07e0 nmethod 5668 0x000001611a991d90 code [0x000001611a991f60, 0x000001611a9921b8]
Event: 8.693 Thread 0x000001613625f430 nmethod 5663 0x0000016122329f90 code [0x000001612232a2c0, 0x000001612232b0f0]
Event: 8.696 Thread 0x000001612f3e07e0 5669       3       groovyjarjarasm.asm.ByteVector::putUTF8 (144 bytes)
Event: 8.697 Thread 0x000001612f3e07e0 nmethod 5669 0x000001611a9cc490 code [0x000001611a9cc700, 0x000001611a9cd178]
Event: 8.697 Thread 0x000001612f3e07e0 5671       3       groovyjarjarasm.asm.SymbolTable::addConstantUtf8 (98 bytes)
Event: 8.698 Thread 0x000001612f3e07e0 nmethod 5671 0x000001611ab7cc10 code [0x000001611ab7ce40, 0x000001611ab7d438]
Event: 8.698 Thread 0x000001612f3e07e0 5670       3       groovyjarjarasm.asm.SymbolTable$Entry::<init> (17 bytes)
Event: 8.698 Thread 0x000001612f3e07e0 nmethod 5670 0x000001611a807e10 code [0x000001611a807fc0, 0x000001611a808140]
Event: 9.336 Thread 0x000001612f3e07e0 5672   !   3       java.util.stream.ReferencePipeline$7$1::accept (127 bytes)
Event: 9.337 Thread 0x000001612f3e07e0 nmethod 5672 0x000001611a828090 code [0x000001611a828320, 0x000001611a8291b8]
Event: 9.337 Thread 0x000001612f3e07e0 5673       3       java.util.stream.AbstractPipeline::sequential (10 bytes)
Event: 9.337 Thread 0x000001612f3e07e0 nmethod 5673 0x000001611a8e2790 code [0x000001611a8e2920, 0x000001611a8e2a38]
Event: 9.337 Thread 0x000001612f3e07e0 5674       3       java.util.stream.AbstractPipeline::close (48 bytes)
Event: 9.337 Thread 0x000001612f3e07e0 nmethod 5674 0x000001611aa0ae10 code [0x000001611aa0afc0, 0x000001611aa0b258]
Event: 10.536 Thread 0x000001613625f430 5675       4       jdk.internal.misc.Unsafe::weakCompareAndSetInt (11 bytes)

GC Heap History (20 events):
Event: 1.625 GC heap before
{Heap before GC invocations=3 (full 0):
 garbage-first heap   total 192512K, used 42316K [0x0000000080000000, 0x0000000100000000)
  region size 1024K, 36 young (36864K), 10 survivors (10240K)
 Metaspace       used 21276K, committed 21504K, reserved 1114112K
  class space    used 2523K, committed 2624K, reserved 1048576K
}
Event: 1.632 GC heap after
{Heap after GC invocations=4 (full 0):
 garbage-first heap   total 192512K, used 20807K [0x0000000080000000, 0x0000000100000000)
  region size 1024K, 9 young (9216K), 9 survivors (9216K)
 Metaspace       used 21276K, committed 21504K, reserved 1114112K
  class space    used 2523K, committed 2624K, reserved 1048576K
}
Event: 2.621 GC heap before
{Heap before GC invocations=5 (full 0):
 garbage-first heap   total 71680K, used 70983K [0x0000000080000000, 0x0000000100000000)
  region size 1024K, 58 young (59392K), 9 survivors (9216K)
 Metaspace       used 29380K, committed 29824K, reserved 1114112K
  class space    used 3819K, committed 4032K, reserved 1048576K
}
Event: 2.628 GC heap after
{Heap after GC invocations=6 (full 0):
 garbage-first heap   total 83968K, used 23597K [0x0000000080000000, 0x0000000100000000)
  region size 1024K, 7 young (7168K), 7 survivors (7168K)
 Metaspace       used 29380K, committed 29824K, reserved 1114112K
  class space    used 3819K, committed 4032K, reserved 1048576K
}
Event: 3.273 GC heap before
{Heap before GC invocations=6 (full 0):
 garbage-first heap   total 83968K, used 66605K [0x0000000080000000, 0x0000000100000000)
  region size 1024K, 49 young (50176K), 7 survivors (7168K)
 Metaspace       used 35051K, committed 35840K, reserved 1114112K
  class space    used 4848K, committed 5248K, reserved 1048576K
}
Event: 3.280 GC heap after
{Heap after GC invocations=7 (full 0):
 garbage-first heap   total 83968K, used 26325K [0x0000000080000000, 0x0000000100000000)
  region size 1024K, 6 young (6144K), 6 survivors (6144K)
 Metaspace       used 35051K, committed 35840K, reserved 1114112K
  class space    used 4848K, committed 5248K, reserved 1048576K
}
Event: 3.289 GC heap before
{Heap before GC invocations=7 (full 0):
 garbage-first heap   total 83968K, used 27349K [0x0000000080000000, 0x0000000100000000)
  region size 1024K, 8 young (8192K), 6 survivors (6144K)
 Metaspace       used 35166K, committed 35968K, reserved 1114112K
  class space    used 4869K, committed 5248K, reserved 1048576K
}
Event: 3.294 GC heap after
{Heap after GC invocations=8 (full 0):
 garbage-first heap   total 83968K, used 26542K [0x0000000080000000, 0x0000000100000000)
  region size 1024K, 4 young (4096K), 4 survivors (4096K)
 Metaspace       used 35166K, committed 35968K, reserved 1114112K
  class space    used 4869K, committed 5248K, reserved 1048576K
}
Event: 3.981 GC heap before
{Heap before GC invocations=9 (full 0):
 garbage-first heap   total 83968K, used 81838K [0x0000000080000000, 0x0000000100000000)
  region size 1024K, 41 young (41984K), 4 survivors (4096K)
 Metaspace       used 38680K, committed 39552K, reserved 1114112K
  class space    used 5414K, committed 5824K, reserved 1048576K
}
Event: 3.988 GC heap after
{Heap after GC invocations=10 (full 0):
 garbage-first heap   total 96256K, used 53624K [0x0000000080000000, 0x0000000100000000)
  region size 1024K, 7 young (7168K), 7 survivors (7168K)
 Metaspace       used 38680K, committed 39552K, reserved 1114112K
  class space    used 5414K, committed 5824K, reserved 1048576K
}
Event: 4.506 GC heap before
{Heap before GC invocations=10 (full 0):
 garbage-first heap   total 96256K, used 82296K [0x0000000080000000, 0x0000000100000000)
  region size 1024K, 36 young (36864K), 7 survivors (7168K)
 Metaspace       used 44777K, committed 45632K, reserved 1114112K
  class space    used 6183K, committed 6592K, reserved 1048576K
}
Event: 4.511 GC heap after
{Heap after GC invocations=11 (full 0):
 garbage-first heap   total 96256K, used 56170K [0x0000000080000000, 0x0000000100000000)
  region size 1024K, 3 young (3072K), 3 survivors (3072K)
 Metaspace       used 44777K, committed 45632K, reserved 1114112K
  class space    used 6183K, committed 6592K, reserved 1048576K
}
Event: 4.835 GC heap before
{Heap before GC invocations=11 (full 0):
 garbage-first heap   total 96256K, used 82794K [0x0000000080000000, 0x0000000100000000)
  region size 1024K, 30 young (30720K), 3 survivors (3072K)
 Metaspace       used 46578K, committed 47488K, reserved 1114112K
  class space    used 6392K, committed 6848K, reserved 1048576K
}
Event: 4.840 GC heap after
{Heap after GC invocations=12 (full 0):
 garbage-first heap   total 115712K, used 59702K [0x0000000080000000, 0x0000000100000000)
  region size 1024K, 4 young (4096K), 4 survivors (4096K)
 Metaspace       used 46578K, committed 47488K, reserved 1114112K
  class space    used 6392K, committed 6848K, reserved 1048576K
}
Event: 6.615 GC heap before
{Heap before GC invocations=13 (full 0):
 garbage-first heap   total 115712K, used 105782K [0x0000000080000000, 0x0000000100000000)
  region size 1024K, 45 young (46080K), 4 survivors (4096K)
 Metaspace       used 51541K, committed 52736K, reserved 1114112K
  class space    used 7073K, committed 7616K, reserved 1048576K
}
Event: 6.622 GC heap after
{Heap after GC invocations=14 (full 0):
 garbage-first heap   total 115712K, used 61563K [0x0000000080000000, 0x0000000100000000)
  region size 1024K, 6 young (6144K), 6 survivors (6144K)
 Metaspace       used 51541K, committed 52736K, reserved 1114112K
  class space    used 7073K, committed 7616K, reserved 1048576K
}
Event: 7.837 GC heap before
{Heap before GC invocations=14 (full 0):
 garbage-first heap   total 115712K, used 101499K [0x0000000080000000, 0x0000000100000000)
  region size 1024K, 45 young (46080K), 6 survivors (6144K)
 Metaspace       used 56271K, committed 57728K, reserved 1114112K
  class space    used 7866K, committed 8576K, reserved 1048576K
}
Event: 7.847 GC heap after
{Heap after GC invocations=15 (full 0):
 garbage-first heap   total 115712K, used 63160K [0x0000000080000000, 0x0000000100000000)
  region size 1024K, 3 young (3072K), 3 survivors (3072K)
 Metaspace       used 56271K, committed 57728K, reserved 1114112K
  class space    used 7866K, committed 8576K, reserved 1048576K
}
Event: 8.567 GC heap before
{Heap before GC invocations=15 (full 0):
 garbage-first heap   total 115712K, used 78520K [0x0000000080000000, 0x0000000100000000)
  region size 1024K, 19 young (19456K), 3 survivors (3072K)
 Metaspace       used 57773K, committed 59328K, reserved 1114112K
  class space    used 8146K, committed 8896K, reserved 1048576K
}
Event: 8.573 GC heap after
{Heap after GC invocations=16 (full 0):
 garbage-first heap   total 115712K, used 64996K [0x0000000080000000, 0x0000000100000000)
  region size 1024K, 5 young (5120K), 5 survivors (5120K)
 Metaspace       used 57773K, committed 59328K, reserved 1114112K
  class space    used 8146K, committed 8896K, reserved 1048576K
}

Dll operation events (3 events):
Event: 0.009 Loaded shared library C:\Program Files\Android\Android Studio\jbr\bin\java.dll
Event: 0.016 Loaded shared library C:\Program Files\Android\Android Studio\jbr\bin\zip.dll
Event: 0.511 Loaded shared library C:\Program Files\Android\Android Studio\jbr\bin\verify.dll

Deoptimization events (20 events):
Event: 8.289 Thread 0x0000016135eacf90 Uncommon trap: trap_request=0xffffff45 fr.pc=0x0000016122434828 relative=0x0000000000000268
Event: 8.289 Thread 0x0000016135eacf90 Uncommon trap: reason=unstable_if action=reinterpret pc=0x0000016122434828 method=java.util.concurrent.ConcurrentHashMap.get(Ljava/lang/Object;)Ljava/lang/Object; @ 86 c2
Event: 8.289 Thread 0x0000016135eacf90 DEOPT PACKING pc=0x0000016122434828 sp=0x00000057651f6b70
Event: 8.289 Thread 0x0000016135eacf90 DEOPT UNPACKING pc=0x0000016121d243a2 sp=0x00000057651f6ae8 mode 2
Event: 8.355 Thread 0x000001613687b460 DEOPT PACKING pc=0x000001611a913166 sp=0x0000005766efd0a0
Event: 8.355 Thread 0x000001613687b460 DEOPT UNPACKING pc=0x0000016121d24b42 sp=0x0000005766efc5e8 mode 0
Event: 8.407 Thread 0x0000016135eacf90 Uncommon trap: trap_request=0xffffffde fr.pc=0x000001612244ec2c relative=0x000000000000008c
Event: 8.407 Thread 0x0000016135eacf90 Uncommon trap: reason=class_check action=maybe_recompile pc=0x000001612244ec2c method=java.util.Collections$SetFromMap.remove(Ljava/lang/Object;)Z @ 5 c2
Event: 8.407 Thread 0x0000016135eacf90 DEOPT PACKING pc=0x000001612244ec2c sp=0x00000057651f7b90
Event: 8.407 Thread 0x0000016135eacf90 DEOPT UNPACKING pc=0x0000016121d243a2 sp=0x00000057651f7b28 mode 2
Event: 8.417 Thread 0x0000016135eacf90 DEOPT PACKING pc=0x000001611a913166 sp=0x00000057651f7db0
Event: 8.417 Thread 0x0000016135eacf90 DEOPT UNPACKING pc=0x0000016121d24b42 sp=0x00000057651f72f8 mode 0
Event: 8.437 Thread 0x0000016135eacf90 DEOPT PACKING pc=0x000001611a8cf8d3 sp=0x00000057651f8020
Event: 8.437 Thread 0x0000016135eacf90 DEOPT UNPACKING pc=0x0000016121d24b42 sp=0x00000057651f7558 mode 0
Event: 8.467 Thread 0x00000161360301b0 Uncommon trap: trap_request=0xffffffcc fr.pc=0x00000161225cabc0 relative=0x0000000000000280
Event: 8.467 Thread 0x00000161360301b0 Uncommon trap: reason=intrinsic_or_type_checked_inlining action=make_not_entrant pc=0x00000161225cabc0 method=java.util.Arrays.copyOfRange([Ljava/lang/Object;IILjava/lang/Class;)[Ljava/lang/Object; @ 84 c2
Event: 8.467 Thread 0x00000161360301b0 DEOPT PACKING pc=0x00000161225cabc0 sp=0x00000057667fdc70
Event: 8.467 Thread 0x00000161360301b0 DEOPT UNPACKING pc=0x0000016121d243a2 sp=0x00000057667fdc10 mode 2
Event: 8.496 Thread 0x00000161360301b0 DEOPT PACKING pc=0x000001611a913166 sp=0x00000057667fdd00
Event: 8.496 Thread 0x00000161360301b0 DEOPT UNPACKING pc=0x0000016121d24b42 sp=0x00000057667fd248 mode 0

Classes loaded (20 events):
Event: 8.092 Loading class java/util/stream/ReferencePipeline$StatefulOp done
Event: 8.092 Loading class java/util/stream/DistinctOps$1 done
Event: 8.094 Loading class java/util/stream/DistinctOps$1$2
Event: 8.094 Loading class java/util/stream/DistinctOps$1$2 done
Event: 8.128 Loading class sun/reflect/ReflectionFactory
Event: 8.129 Loading class sun/reflect/ReflectionFactory done
Event: 8.129 Loading class sun/reflect/ReflectionFactory$1
Event: 8.129 Loading class sun/reflect/ReflectionFactory$1 done
Event: 8.410 Loading class java/util/stream/SortedOps
Event: 8.411 Loading class java/util/stream/SortedOps done
Event: 8.411 Loading class java/util/stream/SortedOps$OfRef
Event: 8.411 Loading class java/util/stream/SortedOps$OfRef done
Event: 8.414 Loading class java/util/stream/SortedOps$SizedRefSortingSink
Event: 8.414 Loading class java/util/stream/SortedOps$AbstractRefSortingSink
Event: 8.414 Loading class java/util/stream/SortedOps$AbstractRefSortingSink done
Event: 8.414 Loading class java/util/stream/SortedOps$SizedRefSortingSink done
Event: 8.617 Loading class java/lang/ThreadDeath
Event: 8.617 Loading class java/lang/ThreadDeath done
Event: 8.617 Loading class sun/misc/SharedSecrets
Event: 8.617 Loading class sun/misc/SharedSecrets done

Classes unloaded (0 events):
No events

Classes redefined (0 events):
No events

Internal exceptions (20 events):
Event: 8.512 Thread 0x00000161360301b0 Exception <a 'sun/nio/fs/WindowsException'{0x000000008576b540}> (0x000000008576b540) 
thrown [s\src\hotspot\share\prims\jni.cpp, line 537]
Event: 8.518 Thread 0x00000161360301b0 Exception <a 'sun/nio/fs/WindowsException'{0x00000000857792e8}> (0x00000000857792e8) 
thrown [s\src\hotspot\share\prims\jni.cpp, line 537]
Event: 8.519 Thread 0x00000161360301b0 Exception <a 'sun/nio/fs/WindowsException'{0x0000000085779b90}> (0x0000000085779b90) 
thrown [s\src\hotspot\share\prims\jni.cpp, line 537]
Event: 8.524 Thread 0x00000161360301b0 Exception <a 'sun/nio/fs/WindowsException'{0x000000008577ac28}> (0x000000008577ac28) 
thrown [s\src\hotspot\share\prims\jni.cpp, line 537]
Event: 8.525 Thread 0x00000161360301b0 Exception <a 'sun/nio/fs/WindowsException'{0x000000008577b8c8}> (0x000000008577b8c8) 
thrown [s\src\hotspot\share\prims\jni.cpp, line 537]
Event: 8.525 Thread 0x00000161360301b0 Exception <a 'sun/nio/fs/WindowsException'{0x000000008577c0a8}> (0x000000008577c0a8) 
thrown [s\src\hotspot\share\prims\jni.cpp, line 537]
Event: 8.530 Thread 0x00000161360301b0 Exception <a 'sun/nio/fs/WindowsException'{0x000000008577c3f0}> (0x000000008577c3f0) 
thrown [s\src\hotspot\share\prims\jni.cpp, line 537]
Event: 8.547 Thread 0x0000016135eacf90 Exception <a 'sun/nio/fs/WindowsException'{0x0000000085790cf8}> (0x0000000085790cf8) 
thrown [s\src\hotspot\share\prims\jni.cpp, line 537]
Event: 8.548 Thread 0x0000016135eacf90 Exception <a 'java/lang/ClassNotFoundException'{0x0000000085798450}: sync_studio_tooling6_88ioyv93ep1f05u51ytuq1gppBeanInfo> (0x0000000085798450) 
thrown [s\src\hotspot\share\classfile\systemDictionary.cpp, line 312]
Event: 8.548 Thread 0x0000016135eacf90 Exception <a 'sun/nio/fs/WindowsException'{0x000000008579a360}> (0x000000008579a360) 
thrown [s\src\hotspot\share\prims\jni.cpp, line 537]
Event: 8.549 Thread 0x0000016135eacf90 Exception <a 'java/lang/ClassNotFoundException'{0x00000000857a1b30}: sync_studio_tooling6_88ioyv93ep1f05u51ytuq1gppCustomizer> (0x00000000857a1b30) 
thrown [s\src\hotspot\share\classfile\systemDictionary.cpp, line 312]
Event: 8.618 Thread 0x0000016135eacf90 Exception <a 'java/lang/ClassNotFoundException'{0x000000008bb3d2d0}: sun/misc/SharedSecrets> (0x000000008bb3d2d0) 
thrown [s\src\hotspot\share\classfile\systemDictionary.cpp, line 312]
Event: 8.618 Thread 0x0000016135eacf90 Exception <a 'java/lang/ClassNotFoundException'{0x000000008bb3e618}: org/gradle/util/GradleVersionBeanInfo> (0x000000008bb3e618) 
thrown [s\src\hotspot\share\classfile\systemDictionary.cpp, line 312]
Event: 8.633 Thread 0x0000016135eacf90 Exception <a 'java/lang/ClassNotFoundException'{0x000000008bb4ea98}: org/gradle/util/GradleVersionCustomizer> (0x000000008bb4ea98) 
thrown [s\src\hotspot\share\classfile\systemDictionary.cpp, line 312]
Event: 8.653 Thread 0x0000016135eacf90 Exception <a 'java/lang/ClassNotFoundException'{0x000000008bb92f30}: org/gradle/util/internal/DefaultGradleVersionBeanInfo> (0x000000008bb92f30) 
thrown [s\src\hotspot\share\classfile\systemDictionary.cpp, line 312]
Event: 8.656 Thread 0x0000016135eacf90 Exception <a 'java/lang/ClassNotFoundException'{0x000000008bba3c90}: org/gradle/util/internal/DefaultGradleVersionCustomizer> (0x000000008bba3c90) 
thrown [s\src\hotspot\share\classfile\systemDictionary.cpp, line 312]
Event: 8.683 Thread 0x0000016135eacf90 Exception <a 'java/lang/ClassNotFoundException'{0x000000008a127528}: org/gradle/invocation/DefaultGradle$DefaultGradleLifecycle_DecoratedBeanInfo> (0x000000008a127528) 
thrown [s\src\hotspot\share\classfile\systemDictionary.cpp, line 312]
Event: 8.684 Thread 0x0000016135eacf90 Exception <a 'java/lang/ClassNotFoundException'{0x000000008a138d70}: org/gradle/invocation/DefaultGradle$DefaultGradleLifecycleBeanInfo> (0x000000008a138d70) 
thrown [s\src\hotspot\share\classfile\systemDictionary.cpp, line 312]
Event: 8.684 Thread 0x0000016135eacf90 Exception <a 'java/lang/ClassNotFoundException'{0x000000008a149ec0}: org/gradle/invocation/DefaultGradle$DefaultGradleLifecycleCustomizer> (0x000000008a149ec0) 
thrown [s\src\hotspot\share\classfile\systemDictionary.cpp, line 312]
Event: 8.691 Thread 0x0000016135eacf90 Exception <a 'java/lang/ClassNotFoundException'{0x000000008a15f288}: org/gradle/invocation/DefaultGradle$DefaultGradleLifecycle_DecoratedCustomizer> (0x000000008a15f288) 
thrown [s\src\hotspot\share\classfile\systemDictionary.cpp, line 312]

ZGC Phase Switch (0 events):
No events

VM Operations (20 events):
Event: 6.622 Executing VM operation: G1CollectForAllocation (G1 Evacuation Pause) done
Event: 7.045 Executing VM operation: HandshakeAllThreads (Deoptimize)
Event: 7.045 Executing VM operation: HandshakeAllThreads (Deoptimize) done
Event: 7.184 Executing VM operation: HandshakeAllThreads (Deoptimize)
Event: 7.184 Executing VM operation: HandshakeAllThreads (Deoptimize) done
Event: 7.837 Executing VM operation: G1CollectForAllocation (G1 Evacuation Pause)
Event: 7.847 Executing VM operation: G1CollectForAllocation (G1 Evacuation Pause) done
Event: 7.854 Executing VM operation: HandshakeAllThreads (Deoptimize)
Event: 7.855 Executing VM operation: HandshakeAllThreads (Deoptimize) done
Event: 8.093 Executing VM operation: HandshakeAllThreads (Deoptimize)
Event: 8.093 Executing VM operation: HandshakeAllThreads (Deoptimize) done
Event: 8.567 Executing VM operation: G1TryInitiateConcMark (G1 Humongous Allocation)
Event: 8.573 Executing VM operation: G1TryInitiateConcMark (G1 Humongous Allocation) done
Event: 8.611 Executing VM operation: G1PauseRemark
Event: 8.616 Executing VM operation: G1PauseRemark done
Event: 8.632 Executing VM operation: G1PauseCleanup
Event: 8.632 Executing VM operation: G1PauseCleanup done
Event: 9.646 Executing VM operation: Cleanup
Event: 9.646 Executing VM operation: Cleanup done
Event: 10.661 Executing VM operation: Cleanup

Memory protections (0 events):
No events

Nmethod flushes (20 events):
Event: 8.615 Thread 0x000001612f32f360 flushing  nmethod 0x000001611a949410
Event: 8.615 Thread 0x000001612f32f360 flushing  nmethod 0x000001611a94de10
Event: 8.615 Thread 0x000001612f32f360 flushing  nmethod 0x000001611a9f7210
Event: 8.615 Thread 0x000001612f32f360 flushing  nmethod 0x000001611a9fc610
Event: 8.615 Thread 0x000001612f32f360 flushing  nmethod 0x000001611a9ff390
Event: 8.615 Thread 0x000001612f32f360 flushing  nmethod 0x000001611aa49590
Event: 8.615 Thread 0x000001612f32f360 flushing  nmethod 0x000001611aa49d90
Event: 8.615 Thread 0x000001612f32f360 flushing  nmethod 0x000001611aa51390
Event: 8.615 Thread 0x000001612f32f360 flushing  nmethod 0x000001611aadca90
Event: 8.615 Thread 0x000001612f32f360 flushing  nmethod 0x000001611ab3f390
Event: 8.615 Thread 0x000001612f32f360 flushing  nmethod 0x000001611ac07910
Event: 8.615 Thread 0x000001612f32f360 flushing  nmethod 0x000001611ac63f10
Event: 8.615 Thread 0x000001612f32f360 flushing  nmethod 0x000001611ac65d10
Event: 8.615 Thread 0x000001612f32f360 flushing  nmethod 0x000001611ad45310
Event: 8.615 Thread 0x000001612f32f360 flushing  nmethod 0x000001611add5810
Event: 8.615 Thread 0x000001612f32f360 flushing  nmethod 0x000001611add5b10
Event: 8.615 Thread 0x000001612f32f360 flushing  nmethod 0x000001611af47210
Event: 8.615 Thread 0x000001612f32f360 flushing  nmethod 0x000001611ae85290
Event: 8.615 Thread 0x000001612f32f360 flushing  nmethod 0x000001611ae85d90
Event: 8.615 Thread 0x000001612f32f360 flushing  nmethod 0x000001611ae86210

Events (20 events):
Event: 3.411 Thread 0x0000016135eacf90 Thread added: 0x000001613602cd30
Event: 3.411 Thread 0x0000016135eacf90 Thread added: 0x000001613602d3c0
Event: 3.411 Thread 0x0000016135eacf90 Thread added: 0x000001613602ac60
Event: 3.411 Thread 0x0000016135eacf90 Thread added: 0x000001613602b2f0
Event: 3.411 Thread 0x0000016135eacf90 Thread added: 0x000001613602da50
Event: 3.411 Thread 0x0000016135eacf90 Thread added: 0x000001613602a5d0
Event: 3.411 Thread 0x0000016135eacf90 Thread added: 0x00000161360301b0
Event: 3.411 Thread 0x0000016135eacf90 Thread added: 0x000001613602e0e0
Event: 4.986 Thread 0x0000016135eacf90 Thread added: 0x000001613602fb20
Event: 5.029 Thread 0x0000016135eacf90 Thread added: 0x000001613602e770
Event: 6.311 Thread 0x000001613639f690 Thread exited: 0x000001613639f690
Event: 6.527 Thread 0x0000016135eacf90 Thread added: 0x000001613602ee00
Event: 6.654 Thread 0x0000016135eacf90 Thread added: 0x000001613602f490
Event: 6.709 Thread 0x000001612f6e7dd0 Thread exited: 0x000001612f6e7dd0
Event: 6.745 Thread 0x000001612f3e07e0 Thread added: 0x000001613625f430
Event: 8.189 Thread 0x0000016135eacf90 Thread added: 0x000001613687a740
Event: 8.191 Thread 0x0000016135eacf90 Thread added: 0x000001613687add0
Event: 8.285 Thread 0x0000016135eacf90 Thread added: 0x000001613687b460
Event: 8.287 Thread 0x0000016135eacf90 Thread added: 0x000001613687baf0
Event: 8.297 Thread 0x000001612f3e07e0 Thread added: 0x000001613625ed60


Dynamic libraries:
0x00007ff78e940000 - 0x00007ff78e94a000 	C:\Program Files\Android\Android Studio\jbr\bin\java.exe
0x00007ffbea820000 - 0x00007ffbeaa87000 	C:\WINDOWS\SYSTEM32\ntdll.dll
0x00007ffbe9a80000 - 0x00007ffbe9b49000 	C:\WINDOWS\System32\KERNEL32.DLL
0x00007ffbe8100000 - 0x00007ffbe84f1000 	C:\WINDOWS\System32\KERNELBASE.dll
0x00007ffbe7fb0000 - 0x00007ffbe80fb000 	C:\WINDOWS\System32\ucrtbase.dll
0x00007ffbd1850000 - 0x00007ffbd186b000 	C:\Program Files\Android\Android Studio\jbr\bin\VCRUNTIME140.dll
0x00007ffbb7c40000 - 0x00007ffbb7c58000 	C:\Program Files\Android\Android Studio\jbr\bin\jli.dll
0x00007ffbea610000 - 0x00007ffbea7d5000 	C:\WINDOWS\System32\USER32.dll
0x00007ffbe7240000 - 0x00007ffbe7267000 	C:\WINDOWS\System32\win32u.dll
0x00007ffbe8d40000 - 0x00007ffbe8d6b000 	C:\WINDOWS\System32\GDI32.dll
0x00007ffbe7270000 - 0x00007ffbe739b000 	C:\WINDOWS\System32\gdi32full.dll
0x00007ffbe73a0000 - 0x00007ffbe7443000 	C:\WINDOWS\System32\msvcp_win.dll
0x00007ffbd1320000 - 0x00007ffbd15b3000 	C:\WINDOWS\WinSxS\amd64_microsoft.windows.common-controls_6595b64144ccf1df_6.0.26100.8037_none_3e092faae333b53b\COMCTL32.dll
0x00007ffbe85c0000 - 0x00007ffbe8669000 	C:\WINDOWS\System32\msvcrt.dll
0x00007ffbe9740000 - 0x00007ffbe9771000 	C:\WINDOWS\System32\IMM32.DLL
0x0000000065060000 - 0x000000006506d000 	C:\Program Files (x86)\360\Total Security\safemon\SafeWrapper.dll
0x00007ffbe9680000 - 0x00007ffbe973b000 	C:\WINDOWS\System32\ADVAPI32.dll
0x00007ffbe99d0000 - 0x00007ffbe9a77000 	C:\WINDOWS\System32\sechost.dll
0x00007ffbe9fa0000 - 0x00007ffbea0b8000 	C:\WINDOWS\System32\RPCRT4.dll
0x00007ffbde140000 - 0x00007ffbde245000 	C:\Program Files (x86)\360\Total Security\safemon\libzdtp64.dll
0x00007ffbe8d80000 - 0x00007ffbe94df000 	C:\WINDOWS\System32\SHELL32.dll
0x00007ffbe7e40000 - 0x00007ffbe7faa000 	C:\WINDOWS\System32\wintypes.dll
0x00007ffbe8670000 - 0x00007ffbe89f2000 	C:\WINDOWS\System32\combase.dll
0x00007ffbe8ab0000 - 0x00007ffbe8b17000 	C:\WINDOWS\System32\SHLWAPI.dll
0x00007ffbe7450000 - 0x00007ffbe7cb4000 	C:\WINDOWS\System32\Windows.Storage.dll
0x00007ffbe69e0000 - 0x00007ffbe69eb000 	C:\WINDOWS\SYSTEM32\VERSION.dll
0x00007ffbe1cc0000 - 0x00007ffbe1ccc000 	C:\Program Files\Android\Android Studio\jbr\bin\vcruntime140_1.dll
0x00007ffb771c0000 - 0x00007ffb7724d000 	C:\Program Files\Android\Android Studio\jbr\bin\msvcp140.dll
0x00007ffb69740000 - 0x00007ffb6a3d6000 	C:\Program Files\Android\Android Studio\jbr\bin\server\jvm.dll
0x00007ffbe94f0000 - 0x00007ffbe9564000 	C:\WINDOWS\System32\WS2_32.dll
0x00007ffbe6f80000 - 0x00007ffbe6fde000 	C:\WINDOWS\SYSTEM32\POWRPROF.dll
0x00007ffbda7b0000 - 0x00007ffbda7e5000 	C:\WINDOWS\SYSTEM32\WINMM.dll
0x00007ffbe6f60000 - 0x00007ffbe6f74000 	C:\WINDOWS\SYSTEM32\UMPDC.dll
0x00007ffbe5e20000 - 0x00007ffbe5e3b000 	C:\WINDOWS\SYSTEM32\kernel.appcore.dll
0x00007ffbdd870000 - 0x00007ffbdd87a000 	C:\Program Files\Android\Android Studio\jbr\bin\jimage.dll
0x00007ffbe4ed0000 - 0x00007ffbe5112000 	C:\WINDOWS\SYSTEM32\DBGHELP.DLL
0x00007ffbe8c60000 - 0x00007ffbe8d37000 	C:\WINDOWS\System32\OLEAUT32.dll
0x00007ffbbe0c0000 - 0x00007ffbbe0fb000 	C:\WINDOWS\SYSTEM32\dbgcore.DLL
0x00007ffbe7190000 - 0x00007ffbe7235000 	C:\WINDOWS\System32\bcryptPrimitives.dll
0x00007ffbd1600000 - 0x00007ffbd160e000 	C:\Program Files\Android\Android Studio\jbr\bin\instrument.dll
0x00007ffbd1830000 - 0x00007ffbd1850000 	C:\Program Files\Android\Android Studio\jbr\bin\java.dll
0x00007ffbd1630000 - 0x00007ffbd1648000 	C:\Program Files\Android\Android Studio\jbr\bin\zip.dll
0x00007ffbe8b40000 - 0x00007ffbe8c37000 	C:\WINDOWS\System32\SHCORE.dll
0x00007ffbe6ff0000 - 0x00007ffbe7019000 	C:\WINDOWS\SYSTEM32\profapi.dll
0x00007ffbdd6a0000 - 0x00007ffbdd6b0000 	C:\Program Files\Android\Android Studio\jbr\bin\net.dll
0x00007ffbde410000 - 0x00007ffbde537000 	C:\WINDOWS\SYSTEM32\WINHTTP.dll
0x00007ffbe6390000 - 0x00007ffbe63fb000 	C:\WINDOWS\system32\mswsock.dll
0x00007ffbd1610000 - 0x00007ffbd1626000 	C:\Program Files\Android\Android Studio\jbr\bin\nio.dll
0x00007ffbd16b0000 - 0x00007ffbd16c0000 	C:\Program Files\Android\Android Studio\jbr\bin\verify.dll
0x00007ffbac210000 - 0x00007ffbac237000 	C:\Users\User\.gradle\native\1def1411415f61bf3af743bc5b6707747c0891f09f0c88961ee8f79bc544acac\windows-amd64\native-platform.dll
0x00007ffb768f0000 - 0x00007ffb76968000 	C:\Users\User\.gradle\native\0.2.7\x86_64-windows-gnu\gradle-fileevents.dll
0x00007ffbda4e0000 - 0x00007ffbda4e9000 	C:\Program Files\Android\Android Studio\jbr\bin\management.dll
0x00007ffbd3a30000 - 0x00007ffbd3a3b000 	C:\Program Files\Android\Android Studio\jbr\bin\management_ext.dll
0x00007ffbe8d70000 - 0x00007ffbe8d78000 	C:\WINDOWS\System32\PSAPI.DLL
0x00007ffbe57a0000 - 0x00007ffbe57d3000 	C:\WINDOWS\SYSTEM32\IPHLPAPI.DLL
0x00007ffbe9f90000 - 0x00007ffbe9f9a000 	C:\WINDOWS\System32\NSI.dll
0x00007ffbda500000 - 0x00007ffbda509000 	C:\Program Files\Android\Android Studio\jbr\bin\extnet.dll
0x00007ffbe6670000 - 0x00007ffbe668b000 	C:\WINDOWS\SYSTEM32\CRYPTSP.dll
0x00007ffbe5d80000 - 0x00007ffbe5db9000 	C:\WINDOWS\system32\rsaenh.dll
0x00007ffbe6440000 - 0x00007ffbe6472000 	C:\WINDOWS\SYSTEM32\USERENV.dll
0x00007ffbe7020000 - 0x00007ffbe704a000 	C:\WINDOWS\SYSTEM32\bcrypt.dll
0x00007ffbe6690000 - 0x00007ffbe669c000 	C:\WINDOWS\SYSTEM32\CRYPTBASE.dll
0x00007ffbcdcf0000 - 0x00007ffbcdcf8000 	C:\WINDOWS\system32\wshunix.dll

JVMTI agents:
C:\Users\User\.gradle\wrapper\dists\gradle-8.13-bin\5xuhj0ry160q40clulazy9h7d\gradle-8.13\lib\agents\gradle-instrumentation-agent-8.13.jar path:C:\Program Files\Android\Android Studio\jbr\bin\instrument.dll, loaded, initialized, instrumentlib options:none

dbghelp: loaded successfully - version: 4.0.5 - missing functions: none
symbol engine: initialized successfully - sym options: 0x614 - pdb path: .;C:\Program Files\Android\Android Studio\jbr\bin;C:\WINDOWS\SYSTEM32;C:\WINDOWS\WinSxS\amd64_microsoft.windows.common-controls_6595b64144ccf1df_6.0.26100.8037_none_3e092faae333b53b;C:\Program Files (x86)\360\Total Security\safemon;C:\Program Files\Android\Android Studio\jbr\bin\server;C:\Users\User\.gradle\native\1def1411415f61bf3af743bc5b6707747c0891f09f0c88961ee8f79bc544acac\windows-amd64;C:\Users\User\.gradle\native\0.2.7\x86_64-windows-gnu

VM Arguments:
jvm_args: --add-opens=java.base/java.lang=ALL-UNNAMED --add-opens=java.base/java.lang.invoke=ALL-UNNAMED --add-opens=java.base/java.util=ALL-UNNAMED --add-opens=java.prefs/java.util.prefs=ALL-UNNAMED --add-exports=jdk.compiler/com.sun.tools.javac.api=ALL-UNNAMED --add-exports=jdk.compiler/com.sun.tools.javac.util=ALL-UNNAMED --add-opens=java.base/java.util=ALL-UNNAMED --add-opens=java.prefs/java.util.prefs=ALL-UNNAMED --add-opens=java.base/java.nio.charset=ALL-UNNAMED --add-opens=java.base/java.net=ALL-UNNAMED --add-opens=java.base/java.util.concurrent.atomic=ALL-UNNAMED --add-opens=java.xml/javax.xml.namespace=ALL-UNNAMED -Xmx2048m -Dfile.encoding=UTF-8 -Duser.country=RU -Duser.language=ru -Duser.variant -javaagent:C:\Users\User\.gradle\wrapper\dists\gradle-8.13-bin\5xuhj0ry160q40clulazy9h7d\gradle-8.13\lib\agents\gradle-instrumentation-agent-8.13.jar 
java_command: org.gradle.launcher.daemon.bootstrap.GradleDaemon 8.13
java_class_path (initial): C:\Users\User\.gradle\wrapper\dists\gradle-8.13-bin\5xuhj0ry160q40clulazy9h7d\gradle-8.13\lib\gradle-daemon-main-8.13.jar
Launcher Type: SUN_STANDARD

[Global flags]
     intx CICompilerCount                          = 4                                         {product} {ergonomic}
     uint ConcGCThreads                            = 3                                         {product} {ergonomic}
     uint G1ConcRefinementThreads                  = 10                                        {product} {ergonomic}
   size_t G1HeapRegionSize                         = 1048576                                   {product} {ergonomic}
    uintx GCDrainStackTargetSize                   = 64                                        {product} {ergonomic}
   size_t InitialHeapSize                          = 197132288                                 {product} {ergonomic}
   size_t MarkStackSize                            = 4194304                                   {product} {ergonomic}
   size_t MaxHeapSize                              = 2147483648                                {product} {command line}
   size_t MaxNewSize                               = 1287651328                                {product} {ergonomic}
   size_t MinHeapDeltaBytes                        = 1048576                                   {product} {ergonomic}
   size_t MinHeapSize                              = 8388608                                   {product} {ergonomic}
    uintx NonNMethodCodeHeapSize                   = 5839372                                {pd product} {ergonomic}
    uintx NonProfiledCodeHeapSize                  = 122909434                              {pd product} {ergonomic}
    uintx ProfiledCodeHeapSize                     = 122909434                              {pd product} {ergonomic}
    uintx ReservedCodeCacheSize                    = 251658240                              {pd product} {ergonomic}
     bool SegmentedCodeCache                       = true                                      {product} {ergonomic}
   size_t SoftMaxHeapSize                          = 2147483648                             {manageable} {ergonomic}
     bool UseCompressedOops                        = true                           {product lp64_product} {ergonomic}
     bool UseG1GC                                  = true                                      {product} {ergonomic}
     bool UseLargePagesIndividualAllocation        = false                                  {pd product} {ergonomic}

Logging:
Log output configuration:
 #0: stdout all=warning uptime,level,tags foldmultilines=false
 #1: stderr all=off uptime,level,tags foldmultilines=false

Release file:
JAVA_VERSION="21.0.9" 
MODULES="java.base java.compiler java.datatransfer java.xml java.prefs java.desktop java.instrument java.logging java.management java.security.sasl java.naming java.rmi java.management.rmi java.net.http java.scripting java.security.jgss java.transaction.xa java.sql java.sql.rowset java.xml.crypto java.se java.smartcardio jdk.accessibility jdk.internal.jvmstat jdk.attach jdk.charsets jdk.internal.opt jdk.zipfs jdk.compiler jdk.crypto.ec jdk.crypto.cryptoki jdk.dynalink jdk.hotspot.agent jdk.httpserver jdk.internal.ed jdk.internal.le jdk.internal.vm.ci jdk.jartool jdk.javadoc jdk.jcmd jdk.jdeps jdk.jdwp.agent jdk.jdi jdk.jfr jdk.jlink jdk.jsobject jdk.localedata jdk.management jdk.management.agent jdk.management.jfr jdk.naming.dns jdk.naming.rmi jdk.net jdk.sctp jdk.security.auth jdk.security.jgss jdk.unsupported jdk.unsupported.desktop jdk.xml.dom" 
IMPLEMENTOR="JetBrains s.r.o." 
JAVA_RUNTIME_VERSION="21.0.9+-14787801-b1163.94" 
LIBC="default" 
OS_ARCH="x86_64" 
OS_NAME="Windows" 
SOURCE=".:git:0c757ddc9f2f" 

Environment Variables:
PATH=C:\Program Files\Common Files\Oracle\Java\javapath;C:\Program Files (x86)\Common Files\Oracle\Java\javapath;C:\WINDOWS\system32;C:\WINDOWS;C:\WINDOWS\System32\Wbem;C:\WINDOWS\System32\WindowsPowerShell\v1.0\;C:\WINDOWS\System32\OpenSSH\;C:\JupyterLab;C:\Program Files\nodejs\;C:\Program Files\dotnet\;C:\Program Files\Git\cmd;C:\Users\User\AppData\Local\Programs\Python\Python313\Scripts\;C:\Users\User\AppData\Local\Programs\Python\Python313\;C:\Users\User\AppData\Local\Programs\Python\Launcher\;C:\Users\User\AppData\Local\Microsoft\WindowsApps;C:\Users\User\AppData\Local\Programs\Microsoft VS Code\bin;C:\Program Files\JetBrains\PyCharm 2025.2.3\bin;C:\Users\User\AppData\Local\Programs\MiKTeX\miktex\bin\x64\;C:\Program Files\JetBrains\WebStorm 2025.1.3\bin;;C:\Users\User\AppData\Roaming\npm;C:\Program Files\JetBrains\IntelliJ IDEA Community Edition 2025.2.1\bin;C:\Users\User\.lmstudio\bin;C:\Users\User\AppData\Local\Programs\cursor\resources\app\bin
USERNAME=User
OS=Windows_NT
PROCESSOR_IDENTIFIER=Intel64 Family 6 Model 186 Stepping 3, GenuineIntel
TMP=C:\Users\User\AppData\Local\Temp
TEMP=C:\Users\User\AppData\Local\Temp




Periodic native trim disabled

JNI global refs:
JNI global refs: 28, weak refs: 0

JNI global refs memory usage: 835, weak refs: 833

Process memory usage:
Resident Set Size: 298804K (2% of 12199064K total physical memory with 803304K free physical memory)

OOME stack traces (most recent first):
Classloader memory used:
Loader org.gradle.internal.classloader.VisitableURLClassLoader                         : 26844K
Loader bootstrap                                                                       : 22644K
Loader org.gradle.initialization.MixInLegacyTypesClassLoader                           : 6568K
Loader org.gradle.internal.classloader.VisitableURLClassLoader                         : 764K
Loader jdk.internal.loader.ClassLoaders$PlatformClassLoader                            : 533K
Loader jdk.internal.loader.ClassLoaders$AppClassLoader                                 : 235K
Loader jdk.internal.reflect.DelegatingClassLoader                                      : 196K
Loader org.gradle.groovy.scripts.internal.DefaultScriptCompilationHandler$ScriptClassLoader: 75200B
Loader org.codehaus.groovy.runtime.callsite.CallSiteClassLoader                        : 18600B

Classes loaded by more than one classloader:
Class org.gradle.internal.IoActions                                                   : loaded 3 times (x 71B)
Class org.gradle.api.Action                                                           : loaded 3 times (x 70B)
Class org.gradle.api.GradleException                                                  : loaded 3 times (x 82B)
Class org.gradle.api.internal.classpath.ManifestUtil                                  : loaded 2 times (x 71B)
Class org.gradle.internal.operations.MultipleBuildOperationFailures                   : loaded 2 times (x 95B)
Class org.gradle.internal.classloader.DefaultClassLoaderFactory                       : loaded 2 times (x 82B)
Class kotlin.collections.AbstractList$Companion                                       : loaded 2 times (x 71B)
Class org.gradle.internal.classloader.ClassLoaderVisitor                              : loaded 2 times (x 76B)
Class org.gradle.api.internal.classpath.EffectiveClassPath                            : loaded 2 times (x 90B)
Class org.gradle.api.internal.DefaultClassPathProvider                                : loaded 2 times (x 76B)
Class [Lorg.gradle.api.internal.ClassPathProvider;                                    : loaded 2 times (x 69B)
Class org.gradle.api.internal.ClassPathProvider                                       : loaded 2 times (x 70B)
Class org.gradle.internal.service.UnknownServiceException                             : loaded 2 times (x 83B)
Class org.gradle.internal.classpath.TransformedClassPath                              : loaded 2 times (x 96B)
Class org.gradle.internal.classloader.InstrumentingClassLoader                        : loaded 2 times (x 70B)
Class kotlin.enums.EnumEntriesList                                                    : loaded 2 times (x 223B)
Class org.gradle.internal.service.ServiceLocator                                      : loaded 2 times (x 70B)
Class org.gradle.internal.InternalTransformer                                         : loaded 2 times (x 70B)
Class org.gradle.internal.time.DefaultTimer                                           : loaded 2 times (x 80B)
Class org.gradle.internal.classloader.ClasspathUtil$1                                 : loaded 2 times (x 76B)
Class org.gradle.api.internal.classpath.DefaultModuleRegistry$DefaultModule           : loaded 2 times (x 86B)
Class org.gradle.internal.time.DefaultCountdownTimer                                  : loaded 2 times (x 88B)
Class org.gradle.api.internal.classpath.Module                                        : loaded 2 times (x 70B)
Class org.gradle.api.internal.classpath.UnknownModuleException                        : loaded 2 times (x 82B)
Class org.gradle.api.internal.DefaultClassPathRegistry                                : loaded 2 times (x 76B)
Class org.gradle.api.internal.ClassPathRegistry                                       : loaded 2 times (x 70B)
Class org.gradle.internal.classpath.DefaultClassPath$ImmutableUniqueList              : loaded 2 times (x 199B)
Class org.gradle.internal.classpath.ClassPath                                         : loaded 2 times (x 70B)
Class org.gradle.internal.classloader.ClassLoaderHierarchy                            : loaded 2 times (x 70B)
Class kotlin.UninitializedPropertyAccessException                                     : loaded 2 times (x 82B)
Class org.gradle.internal.installation.GradleInstallation$1                           : loaded 2 times (x 75B)
Class org.gradle.api.internal.classpath.ModuleRegistry                                : loaded 2 times (x 70B)
Class org.gradle.api.internal.classpath.DefaultModuleRegistry                         : loaded 2 times (x 86B)
Class org.gradle.internal.time.MonotonicClock                                         : loaded 2 times (x 77B)
Class org.gradle.internal.service.ServiceLookupException                              : loaded 2 times (x 82B)
Class org.gradle.internal.classloader.ClassLoaderFactory                              : loaded 2 times (x 70B)
Class org.gradle.internal.service.CachingServiceLocator                               : loaded 2 times (x 82B)
Class org.gradle.internal.time.TimeSource                                             : loaded 2 times (x 70B)
Class kotlin.enums.EnumEntries                                                        : loaded 2 times (x 70B)
Class org.gradle.internal.exceptions.ResolutionProvider                               : loaded 2 times (x 70B)
Class org.gradle.internal.classloader.ClasspathUtil                                   : loaded 2 times (x 71B)
Class org.gradle.internal.time.TimeSource$1                                           : loaded 2 times (x 77B)
Class org.gradle.api.specs.Spec                                                       : loaded 2 times (x 70B)
Class org.gradle.internal.time.Clock                                                  : loaded 2 times (x 70B)
Class kotlin.collections.AbstractList                                                 : loaded 2 times (x 197B)
Class kotlin.collections.AbstractCollection                                           : loaded 2 times (x 117B)
Class org.gradle.internal.classloader.VisitableURLClassLoader$InstrumentingVisitableURLClassLoader: loaded 2 times (x 123B)
Class org.gradle.internal.classloader.VisitableURLClassLoader$Spec                    : loaded 2 times (x 74B)
Class org.gradle.internal.classpath.DefaultClassPath                                  : loaded 2 times (x 90B)
Class org.gradle.util.internal.DefaultGradleVersion                                   : loaded 2 times (x 82B)
Class org.gradle.internal.classloader.ClassLoaderSpec                                 : loaded 2 times (x 71B)
Class org.gradle.internal.classloader.VisitableURLClassLoader                         : loaded 2 times (x 117B)
Class org.gradle.internal.classloader.FilteringClassLoader                            : loaded 2 times (x 105B)
Class org.gradle.internal.Cast                                                        : loaded 2 times (x 71B)
Class org.gradle.internal.classpath.DefaultClassPath$ImmutableUniqueList$Builder      : loaded 2 times (x 75B)
Class org.gradle.api.UncheckedIOException                                             : loaded 2 times (x 82B)
Class org.gradle.internal.exceptions.NonGradleCauseExceptionsHolder                   : loaded 2 times (x 70B)
Class kotlin.NotImplementedError                                                      : loaded 2 times (x 82B)
Class kotlin.enums.EnumEntriesKt                                                      : loaded 2 times (x 71B)
Class org.gradle.internal.classloader.SystemClassLoaderSpec                           : loaded 2 times (x 71B)
Class org.gradle.internal.exceptions.MultiCauseException                              : loaded 2 times (x 70B)
Class org.gradle.internal.time.CountdownTimer                                         : loaded 2 times (x 70B)
Class kotlin.jvm.internal.Intrinsics                                                  : loaded 2 times (x 71B)
Class sync_studio_tooling6_88ioyv93ep1f05u51ytuq1gpp                                  : loaded 2 times (x 179B)
Class org.gradle.tooling.model.ProjectModel                                           : loaded 2 times (x 70B)
Class kotlin.KotlinNullPointerException                                               : loaded 2 times (x 83B)
Class org.gradle.internal.exceptions.DefaultMultiCauseException                       : loaded 2 times (x 95B)
Class org.gradle.internal.time.Time                                                   : loaded 2 times (x 71B)
Class org.gradle.api.internal.classpath.GlobalCacheRootsProvider                      : loaded 2 times (x 70B)
Class kotlin.NoWhenBranchMatchedException                                             : loaded 2 times (x 82B)
Class org.gradle.internal.time.Timer                                                  : loaded 2 times (x 70B)
Class kotlin.jvm.internal.markers.KMappedMarker                                       : loaded 2 times (x 70B)
Class org.gradle.internal.installation.CurrentGradleInstallationLocator               : loaded 2 times (x 71B)
Class org.gradle.internal.service.DefaultServiceLocator                               : loaded 2 times (x 83B)
Class org.gradle.util.GradleVersion                                                   : loaded 2 times (x 81B)
Class org.gradle.internal.installation.CurrentGradleInstallation                      : loaded 2 times (x 73B)
Class org.gradle.util.internal.GUtil                                                  : loaded 2 times (x 71B)
Class org.gradle.internal.installation.GradleInstallation                             : loaded 2 times (x 75B)

---------------  S Y S T E M  ---------------

OS:
 Windows 11 , 64 bit Build 26100 (10.0.26100.7920)
OS uptime: 0 days 8:03 hours

CPU: total 12 (initial active 12) (12 cores per cpu, 1 threads per core) family 6 model 186 stepping 3 microcode 0x410e, cx8, cmov, fxsr, mmx, 3dnowpref, sse, sse2, sse3, ssse3, sse4.1, sse4.2, popcnt, lzcnt, tsc, tscinvbit, avx, avx2, aes, erms, clmul, bmi1, bmi2, adx, sha, fma, vzeroupper, clflush, clflushopt, clwb, serialize, rdtscp, rdpid, fsrm, f16c, pku, cet_ibt, cet_ss
Processor Information for processor 0
  Max Mhz: 1300, Current Mhz: 1300, Mhz Limit: 1300
Processor Information for processor 1
  Max Mhz: 1300, Current Mhz: 1300, Mhz Limit: 1300
Processor Information for processor 2
  Max Mhz: 1300, Current Mhz: 1300, Mhz Limit: 1300
Processor Information for processor 3
  Max Mhz: 1300, Current Mhz: 1300, Mhz Limit: 1300
Processor Information for processor 4
  Max Mhz: 1300, Current Mhz: 900, Mhz Limit: 897
Processor Information for processor 5
  Max Mhz: 1300, Current Mhz: 900, Mhz Limit: 897
Processor Information for processor 6
  Max Mhz: 1300, Current Mhz: 900, Mhz Limit: 897
Processor Information for processor 7
  Max Mhz: 1300, Current Mhz: 900, Mhz Limit: 897
Processor Information for processor 8
  Max Mhz: 1300, Current Mhz: 900, Mhz Limit: 897
Processor Information for processor 9
  Max Mhz: 1300, Current Mhz: 900, Mhz Limit: 897
Processor Information for processor 10
  Max Mhz: 1300, Current Mhz: 900, Mhz Limit: 897
Processor Information for processor 11
  Max Mhz: 1300, Current Mhz: 900, Mhz Limit: 897

Memory: 4k page, system-wide physical 11913M (784M free)
TotalPageFile size 16009M (AvailPageFile size 33M)
current process WorkingSet (physical memory assigned to process): 292M, peak: 329M
current process commit charge ("private bytes"): 331M, peak: 368M

vm_info: OpenJDK 64-Bit Server VM (21.0.9+-14787801-b1163.94) for windows-amd64 JRE (21.0.9+-14787801-b1163.94), built on 2026-01-27T21:15:44Z by "builder" with MS VC++ 16.10 / 16.11 (VS2019)

END.
